Archive member included to satisfy reference by file (symbol)

E:/ASUS/STM32CubeIDE_1.13.2/STM32CubeIDE/plugins/com.st.stm32cube.ide.mcu.externaltools.gnu-tools-for-stm32.14.3.rel1.win32_1.0.100.202602081740/tools/bin/../lib/gcc/arm-none-eabi/14.3.1/../../../../arm-none-eabi/lib/thumb/v7e-m+fp/hard\libc_nano.a(libc_a-exit.o)
                              E:/ASUS/STM32CubeIDE_1.13.2/STM32CubeIDE/plugins/com.st.stm32cube.ide.mcu.externaltools.gnu-tools-for-stm32.14.3.rel1.win32_1.0.100.202602081740/tools/bin/../lib/gcc/arm-none-eabi/14.3.1/../../../../arm-none-eabi/lib/thumb/v7e-m+fp/hard/crt0.o (exit)
E:/ASUS/STM32CubeIDE_1.13.2/STM32CubeIDE/plugins/com.st.stm32cube.ide.mcu.externaltools.gnu-tools-for-stm32.14.3.rel1.win32_1.0.100.202602081740/tools/bin/../lib/gcc/arm-none-eabi/14.3.1/../../../../arm-none-eabi/lib/thumb/v7e-m+fp/hard\libc_nano.a(libc_a-findfp.o)
                              E:/ASUS/STM32CubeIDE_1.13.2/STM32CubeIDE/plugins/com.st.stm32cube.ide.mcu.externaltools.gnu-tools-for-stm32.14.3.rel1.win32_1.0.100.202602081740/tools/bin/../lib/gcc/arm-none-eabi/14.3.1/../../../../arm-none-eabi/lib/thumb/v7e-m+fp/hard\libc_nano.a(libc_a-exit.o) (__stdio_exit_handler)
E:/ASUS/STM32CubeIDE_1.13.2/STM32CubeIDE/plugins/com.st.stm32cube.ide.mcu.externaltools.gnu-tools-for-stm32.14.3.rel1.win32_1.0.100.202602081740/tools/bin/../lib/gcc/arm-none-eabi/14.3.1/../../../../arm-none-eabi/lib/thumb/v7e-m+fp/hard\libc_nano.a(libc_a-fwalk.o)
                              E:/ASUS/STM32CubeIDE_1.13.2/STM32CubeIDE/plugins/com.st.stm32cube.ide.mcu.externaltools.gnu-tools-for-stm32.14.3.rel1.win32_1.0.100.202602081740/tools/bin/../lib/gcc/arm-none-eabi/14.3.1/../../../../arm-none-eabi/lib/thumb/v7e-m+fp/hard\libc_nano.a(libc_a-findfp.o) (_fwalk_sglue)
E:/ASUS/STM32CubeIDE_1.13.2/STM32CubeIDE/plugins/com.st.stm32cube.ide.mcu.externaltools.gnu-tools-for-stm32.14.3.rel1.win32_1.0.100.202602081740/tools/bin/../lib/gcc/arm-none-eabi/14.3.1/../../../../arm-none-eabi/lib/thumb/v7e-m+fp/hard\libc_nano.a(libc_a-snprintf.o)
                              ./Core/Src/ui.o (snprintf)
E:/ASUS/STM32CubeIDE_1.13.2/STM32CubeIDE/plugins/com.st.stm32cube.ide.mcu.externaltools.gnu-tools-for-stm32.14.3.rel1.win32_1.0.100.202602081740/tools/bin/../lib/gcc/arm-none-eabi/14.3.1/../../../../arm-none-eabi/lib/thumb/v7e-m+fp/hard\libc_nano.a(libc_a-stdio.o)
                              E:/ASUS/STM32CubeIDE_1.13.2/STM32CubeIDE/plugins/com.st.stm32cube.ide.mcu.externaltools.gnu-tools-for-stm32.14.3.rel1.win32_1.0.100.202602081740/tools/bin/../lib/gcc/arm-none-eabi/14.3.1/../../../../arm-none-eabi/lib/thumb/v7e-m+fp/hard\libc_nano.a(libc_a-findfp.o) (__sread)
E:/ASUS/STM32CubeIDE_1.13.2/STM32CubeIDE/plugins/com.st.stm32cube.ide.mcu.externaltools.gnu-tools-for-stm32.14.3.rel1.win32_1.0.100.202602081740/tools/bin/../lib/gcc/arm-none-eabi/14.3.1/../../../../arm-none-eabi/lib/thumb/v7e-m+fp/hard\libc_nano.a(libc_a-memset.o)
                              E:/ASUS/STM32CubeIDE_1.13.2/STM32CubeIDE/plugins/com.st.stm32cube.ide.mcu.externaltools.gnu-tools-for-stm32.14.3.rel1.win32_1.0.100.202602081740/tools/bin/../lib/gcc/arm-none-eabi/14.3.1/../../../../arm-none-eabi/lib/thumb/v7e-m+fp/hard/crt0.o (memset)
E:/ASUS/STM32CubeIDE_1.13.2/STM32CubeIDE/plugins/com.st.stm32cube.ide.mcu.externaltools.gnu-tools-for-stm32.14.3.rel1.win32_1.0.100.202602081740/tools/bin/../lib/gcc/arm-none-eabi/14.3.1/../../../../arm-none-eabi/lib/thumb/v7e-m+fp/hard\libc_nano.a(libc_a-closer.o)
                              E:/ASUS/STM32CubeIDE_1.13.2/STM32CubeIDE/plugins/com.st.stm32cube.ide.mcu.externaltools.gnu-tools-for-stm32.14.3.rel1.win32_1.0.100.202602081740/tools/bin/../lib/gcc/arm-none-eabi/14.3.1/../../../../arm-none-eabi/lib/thumb/v7e-m+fp/hard\libc_nano.a(libc_a-stdio.o) (_close_r)
E:/ASUS/STM32CubeIDE_1.13.2/STM32CubeIDE/plugins/com.st.stm32cube.ide.mcu.externaltools.gnu-tools-for-stm32.14.3.rel1.win32_1.0.100.202602081740/tools/bin/../lib/gcc/arm-none-eabi/14.3.1/../../../../arm-none-eabi/lib/thumb/v7e-m+fp/hard\libc_nano.a(libc_a-reent.o)
                              E:/ASUS/STM32CubeIDE_1.13.2/STM32CubeIDE/plugins/com.st.stm32cube.ide.mcu.externaltools.gnu-tools-for-stm32.14.3.rel1.win32_1.0.100.202602081740/tools/bin/../lib/gcc/arm-none-eabi/14.3.1/../../../../arm-none-eabi/lib/thumb/v7e-m+fp/hard\libc_nano.a(libc_a-closer.o) (errno)
E:/ASUS/STM32CubeIDE_1.13.2/STM32CubeIDE/plugins/com.st.stm32cube.ide.mcu.externaltools.gnu-tools-for-stm32.14.3.rel1.win32_1.0.100.202602081740/tools/bin/../lib/gcc/arm-none-eabi/14.3.1/../../../../arm-none-eabi/lib/thumb/v7e-m+fp/hard\libc_nano.a(libc_a-impure.o)
                              E:/ASUS/STM32CubeIDE_1.13.2/STM32CubeIDE/plugins/com.st.stm32cube.ide.mcu.externaltools.gnu-tools-for-stm32.14.3.rel1.win32_1.0.100.202602081740/tools/bin/../lib/gcc/arm-none-eabi/14.3.1/../../../../arm-none-eabi/lib/thumb/v7e-m+fp/hard\libc_nano.a(libc_a-snprintf.o) (_impure_ptr)
[...]
Memory Configuration

Name             Origin             Length             Attributes
RAM              0x20000000         0x00020000         xrw
FLASH            0x08000000         0x00080000         xr
*default*        0x00000000         0xffffffff

Linker script and memory map

LOAD E:/ASUS/STM32CubeIDE_1.13.2/STM32CubeIDE/plugins/com.st.stm32cube.ide.mcu.externaltools.gnu-tools-for-stm32.14.3.rel1.win32_1.0.100.202602081740/tools/bin/../lib/gcc/arm-none-eabi/14.3.1/thumb/v7e-m+fp/hard/crti.o
LOAD E:/ASUS/STM32CubeIDE_1.13.2/STM32CubeIDE/plugins/com.st.stm32cube.ide.mcu.externaltools.gnu-tools-for-stm32.14.3.rel1.win32_1.0.100.202602081740/tools/bin/../lib/gcc/arm-none-eabi/14.3.1/thumb/v7e-m+fp/hard/crtbegin.o
LOAD E:/ASUS/STM32CubeIDE_1.13.2/STM32CubeIDE/plugins/com.st.stm32cube.ide.mcu.externaltools.gnu-tools-for-stm32.14.3.rel1.win32_1.0.100.202602081740/tools/bin/../lib/gcc/arm-none-eabi/14.3.1/../../../../arm-none-eabi/lib/thumb/v7e-m+fp/hard/crt0.o
LOAD ./Core/Src/app.o
LOAD ./Core/Src/input.o
LOAD ./Core/Src/main.o
LOAD ./Core/Src/player_service.o
LOAD ./Core/Src/stm32f4xx_hal_msp.o
LOAD ./Core/Src/stm32f4xx_it.o
LOAD ./Core/Src/syscalls.o
LOAD ./Core/Src/sysmem.o
LOAD ./Core/Src/system_stm32f4xx.o
LOAD ./Core/Src/ui.o
LOAD ./Core/Src/ui_assets.o
LOAD ./Core/Startup/startup_stm32f411ceux.o
LOAD ./Drivers/STM32F4xx_HAL_Driver/Src/stm32f4xx_hal.o
LOAD ./Drivers/STM32F4xx_HAL_Driver/Src/stm32f4xx_hal_adc.o
LOAD ./Drivers/STM32F4xx_HAL_Driver/Src/stm32f4xx_hal_adc_ex.o
LOAD ./Drivers/STM32F4xx_HAL_Driver/Src/stm32f4xx_hal_cortex.o
LOAD ./Drivers/STM32F4xx_HAL_Driver/Src/stm32f4xx_hal_dma.o
LOAD ./Drivers/STM32F4xx_HAL_Driver/Src/stm32f4xx_hal_dma_ex.o
LOAD ./Drivers/STM32F4xx_HAL_Driver/Src/stm32f4xx_hal_exti.o
LOAD ./Drivers/STM32F4xx_HAL_Driver/Src/stm32f4xx_hal_flash.o
LOAD ./Drivers/STM32F4xx_HAL_Driver/Src/stm32f4xx_hal_flash_ex.o
LOAD ./Drivers/STM32F4xx_HAL_Driver/Src/stm32f4xx_hal_flash_ramfunc.o
LOAD ./Drivers/STM32F4xx_HAL_Driver/Src/stm32f4xx_hal_gpio.o
LOAD ./Drivers/STM32F4xx_HAL_Driver/Src/stm32f4xx_hal_i2c.o
LOAD ./Drivers/STM32F4xx_HAL_Driver/Src/stm32f4xx_hal_i2c_ex.o
LOAD ./Drivers/STM32F4xx_HAL_Driver/Src/stm32f4xx_hal_pwr.o
LOAD ./Drivers/STM32F4xx_HAL_Driver/Src/stm32f4xx_hal_pwr_ex.o
LOAD ./Drivers/STM32F4xx_HAL_Driver/Src/stm32f4xx_hal_rcc.o
LOAD ./Drivers/STM32F4xx_HAL_Driver/Src/stm32f4xx_hal_rcc_ex.o
LOAD ./Drivers/STM32F4xx_HAL_Driver/Src/stm32f4xx_hal_uart.o
LOAD ./Third_Parties/dfplayer/DFPLAYER.o
LOAD ./Third_Parties/ssd1306/ssd1306.o
LOAD ./Third_Parties/ssd1306/ssd1306_fonts.o
START GROUP
LOAD E:/ASUS/STM32CubeIDE_1.13.2/STM32CubeIDE/plugins/com.st.stm32cube.ide.mcu.externaltools.gnu-tools-for-stm32.14.3.rel1.win32_1.0.100.202602081740/tools/bin/../lib/gcc/arm-none-eabi/14.3.1/../../../../arm-none-eabi/lib/thumb/v7e-m+fp/hard\libc_nano.a
LOAD E:/ASUS/STM32CubeIDE_1.13.2/STM32CubeIDE/plugins/com.st.stm32cube.ide.mcu.externaltools.gnu-tools-for-stm32.14.3.rel1.win32_1.0.100.202602081740/tools/bin/../lib/gcc/arm-none-eabi/14.3.1/../../../../arm-none-eabi/lib/thumb/v7e-m+fp/hard\libm.a
END GROUP
START GROUP
LOAD E:/ASUS/STM32CubeIDE_1.13.2/STM32CubeIDE/plugins/com.st.stm32cube.ide.mcu.externaltools.gnu-tools-for-stm32.14.3.rel1.win32_1.0.100.202602081740/tools/bin/../lib/gcc/arm-none-eabi/14.3.1/thumb/v7e-m+fp/hard\libgcc.a
LOAD E:/ASUS/STM32CubeIDE_1.13.2/STM32CubeIDE/plugins/com.st.stm32cube.ide.mcu.externaltools.gnu-tools-for-stm32.14.3.rel1.win32_1.0.100.202602081740/tools/bin/../lib/gcc/arm-none-eabi/14.3.1/../../../../arm-none-eabi/lib/thumb/v7e-m+fp/hard\libc_nano.a
END GROUP
START GROUP
LOAD E:/ASUS/STM32CubeIDE_1.13.2/STM32CubeIDE/plugins/com.st.stm32cube.ide.mcu.externaltools.gnu-tools-for-stm32.14.3.rel1.win32_1.0.100.202602081740/tools/bin/../lib/gcc/arm-none-eabi/14.3.1/thumb/v7e-m+fp/hard\libgcc.a
LOAD E:/ASUS/STM32CubeIDE_1.13.2/STM32CubeIDE/plugins/com.st.stm32cube.ide.mcu.externaltools.gnu-tools-for-stm32.14.3.rel1.win32_1.0.100.202602081740/tools/bin/../lib/gcc/arm-none-eabi/14.3.1/../../../../arm-none-eabi/lib/thumb/v7e-m+fp/hard\libc_nano.a
LOAD E:/ASUS/STM32CubeIDE_1.13.2/STM32CubeIDE/plugins/com.st.stm32cube.ide.mcu.externaltools.gnu-tools-for-stm32.14.3.rel1.win32_1.0.100.202602081740/tools/bin/../lib/gcc/arm-none-eabi/14.3.1/../../../../arm-none-eabi/lib/thumb/v7e-m+fp/hard\libnosys.a
END GROUP
START GROUP
LOAD E:/ASUS/STM32CubeIDE_1.13.2/STM32CubeIDE/plugins/com.st.stm32cube.ide.mcu.externaltools.gnu-tools-for-stm32.14.3.rel1.win32_1.0.100.202602081740/tools/bin/../lib/gcc/arm-none-eabi/14.3.1/thumb/v7e-m+fp/hard\libgcc.a
LOAD E:/ASUS/STM32CubeIDE_1.13.2/STM32CubeIDE/plugins/com.st.stm32cube.ide.mcu.externaltools.gnu-tools-for-stm32.14.3.rel1.win32_1.0.100.202602081740/tools/bin/../lib/gcc/arm-none-eabi/14.3.1/../../../../arm-none-eabi/lib/thumb/v7e-m+fp/hard\libc_nano.a
LOAD E:/ASUS/STM32CubeIDE_1.13.2/STM32CubeIDE/plugins/com.st.stm32cube.ide.mcu.externaltools.gnu-tools-for-stm32.14.3.rel1.win32_1.0.100.202602081740/tools/bin/../lib/gcc/arm-none-eabi/14.3.1/../../../../arm-none-eabi/lib/thumb/v7e-m+fp/hard\libnosys.a
END GROUP
LOAD E:/ASUS/STM32CubeIDE_1.13.2/STM32CubeIDE/plugins/com.st.stm32cube.ide.mcu.externaltools.gnu-tools-for-stm32.14.3.rel1.win32_1.0.100.202602081740/tools/bin/../lib/gcc/arm-none-eabi/14.3.1/thumb/v7e-m+fp/hard/crtend.o
LOAD E:/ASUS/STM32CubeIDE_1.13.2/STM32CubeIDE/plugins/com.st.stm32cube.ide.mcu.externaltools.gnu-tools-for-stm32.14.3.rel1.win32_1.0.100.202602081740/tools/bin/../lib/gcc/arm-none-eabi/14.3.1/thumb/v7e-m+fp/hard/crtn.o
                0x20020000                        _estack = (ORIGIN (RAM) + LENGTH (RAM))
                0x00000200                        _Min_Heap_Size = 0x200
                0x00000400                        _Min_Stack_Size = 0x400

.isr_vector     0x08000000      0x198
                0x08000000                        . = ALIGN (0x4)
 *(.isr_vector)
 .isr_vector    0x08000000      0x198 ./Core/Startup/startup_stm32f411ceux.o
                0x08000000                g_pfnVectors
                0x08000198                        . = ALIGN (0x4)

.text           0x080001a0     0x5420
                0x080001a0                        . = ALIGN (0x4)
 *(.text)
 .text          0x080001a0       0x40 E:/ASUS/STM32CubeIDE_1.13.2/STM32CubeIDE/plugins/com.st.stm32cube.ide.mcu.externaltools.gnu-tools-for-stm32.14.3.rel1.win32_1.0.100.202602081740/tools/bin/../lib/gcc/arm-none-eabi/14.3.1/thumb/v7e-m+fp/hard/crtbegin.o
 .text          0x080001e0       0xa0 E:/ASUS/STM32CubeIDE_1.13.2/STM32CubeIDE/plugins/com.st.stm32cube.ide.mcu.externaltools.gnu-tools-for-stm32.14.3.rel1.win32_1.0.100.202602081740/tools/bin/../lib/gcc/arm-none-eabi/14.3.1/../../../../arm-none-eabi/lib/thumb/v7e-m+fp/hard\libc_nano.a(libc_a-memchr.o)
                0x080001e0                memchr
 .text          0x08000280       0x30 E:/ASUS/STM32CubeIDE_1.13.2/STM32CubeIDE/plugins/com.st.stm32cube.ide.mcu.externaltools.gnu-tools-for-stm32.14.3.rel1.win32_1.0.100.202602081740/tools/bin/../lib/gcc/arm-none-eabi/14.3.1/thumb/v7e-m+fp/hard\libgcc.a(_aeabi_uldivmod.o)
                0x08000280                __aeabi_uldivmod
 .text          0x080002b0      0x2f8 E:/ASUS/STM32CubeIDE_1.13.2/STM32CubeIDE/plugins/com.st.stm32cube.ide.mcu.externaltools.gnu-tools-for-stm32.14.3.rel1.win32_1.0.100.202602081740/tools/bin/../lib/gcc/arm-none-eabi/14.3.1/thumb/v7e-m+fp/hard\libgcc.a(_udivmoddi4.o)
                0x080002b0                __udivmoddi4
 .text          0x080005a8        0x4 E:/ASUS/STM32CubeIDE_1.13.2/STM32CubeIDE/plugins/com.st.stm32cube.ide.mcu.externaltools.gnu-tools-for-stm32.14.3.rel1.win32_1.0.100.202602081740/tools/bin/../lib/gcc/arm-none-eabi/14.3.1/thumb/v7e-m+fp/hard\libgcc.a(_dvmd_tls.o)
                0x080005a8                __aeabi_idiv0
                0x080005a8                __aeabi_ldiv0
 *(.text*)
 .text.App_Init
                0x080005ac       0x22 ./Core/Src/app.o
                0x080005ac                App_Init
 .text.App_Loop
                0x080005ce       0x2e ./Core/Src/app.o
                0x080005ce                App_Loop
 .text.App_HandleEvent
                0x080005fc       0x88 ./Core/Src/app.o
 .text.Input_Init
                0x08000684       0xa4 ./Core/Src/input.o
                0x08000684                Input_Init
 .text.Input_PopEvent
                0x08000728       0x74 ./Core/Src/input.o
                0x08000728                Input_PopEvent
 .text.HAL_GPIO_EXTI_Callback
                0x0800079c      0x108 ./Core/Src/input.o
                0x0800079c                HAL_GPIO_EXTI_Callback
 .text.Input_FindButtonIndexByPin
                0x080008a4       0x4c ./Core/Src/input.o
 .text.Input_PostEventFromISR
                0x080008f0       0x54 ./Core/Src/input.o
 .text.main     0x08000944       0x2c ./Core/Src/main.o
                0x08000944                main
 .text.SystemClock_Config
                0x08000970       0xbc ./Core/Src/main.o
                0x08000970                SystemClock_Config
 .text.MX_ADC1_Init
                0x08000a2c       0xa4 ./Core/Src/main.o
 .text.MX_I2C1_Init
                0x08000ad0       0x5c ./Core/Src/main.o
 .text.MX_USART1_UART_Init
                0x08000b2c       0x54 ./Core/Src/main.o
 .text.MX_GPIO_Init
                0x08000b80       0xfc ./Core/Src/main.o
 .text.Error_Handler
                0x08000c7c        0xc ./Core/Src/main.o
                0x08000c7c                Error_Handler
 .text.PlayerService_Init
                0x08000c88       0xcc ./Core/Src/player_service.o
                0x08000c88                PlayerService_Init
 .text.PlayerService_Service
                0x08000d54        0xc ./Core/Src/player_service.o
                0x08000d54                PlayerService_Service
 .text.PlayerService_PlayToggle
                0x08000d60       0x64 ./Core/Src/player_service.o
                0x08000d60                PlayerService_PlayToggle
 .text.PlayerService_Prev
                0x08000dc4       0x7c ./Core/Src/player_service.o
                0x08000dc4                PlayerService_Prev
 .text.PlayerService_Next
                0x08000e40       0x70 ./Core/Src/player_service.o
                0x08000e40                PlayerService_Next
 .text.PlayerService_ModeToggle
                0x08000eb0       0x24 ./Core/Src/player_service.o
                0x08000eb0                PlayerService_ModeToggle
 .text.PlayerService_VolUp
                0x08000ed4       0x40 ./Core/Src/player_service.o
                0x08000ed4                PlayerService_VolUp
 .text.PlayerService_VolDown
                0x08000f14       0x40 ./Core/Src/player_service.o
                0x08000f14                PlayerService_VolDown
 .text.PlayerService_IsPlaying
                0x08000f54       0x18 ./Core/Src/player_service.o
                0x08000f54                PlayerService_IsPlaying
 .text.PlayerService_GetVolume
                0x08000f6c       0x18 ./Core/Src/player_service.o
                0x08000f6c                PlayerService_GetVolume
 .text.PlayerService_GetTrack
                0x08000f84       0x18 ./Core/Src/player_service.o
                0x08000f84                PlayerService_GetTrack
 .text.PlayerService_GetTrackTotal
                0x08000f9c       0x18 ./Core/Src/player_service.o
                0x08000f9c                PlayerService_GetTrackTotal
 .text.PlayerService_GetSource
                0x08000fb4       0x18 ./Core/Src/player_service.o
                0x08000fb4                PlayerService_GetSource
 .text.PlayerService_SetAudioSource
                0x08000fcc       0xac ./Core/Src/player_service.o
 .text.PlayerService_DfpBusyIdleRaw
                0x08001078       0x20 ./Core/Src/player_service.o
 .text.PlayerService_AutoNextByBusyService
                0x08001098       0xec ./Core/Src/player_service.o
 .text.PlayerService_DetectTrackTotalByWrap
                0x08001184       0xd4 ./Core/Src/player_service.o
 .text.PlayerService_AudioSwitchMute
                0x08001258       0x2c ./Core/Src/player_service.o
 .text.PlayerService_SetBtPower
                0x08001284       0x2c ./Core/Src/player_service.o
 .text.HAL_MspInit
                0x080012b0       0x50 ./Core/Src/stm32f4xx_hal_msp.o
                0x080012b0                HAL_MspInit
 .text.HAL_ADC_MspInit
                0x08001300       0x88 ./Core/Src/stm32f4xx_hal_msp.o
                0x08001300                HAL_ADC_MspInit
 .text.HAL_I2C_MspInit
                0x08001388       0x90 ./Core/Src/stm32f4xx_hal_msp.o
                0x08001388                HAL_I2C_MspInit
 .text.HAL_UART_MspInit
                0x08001418       0x90 ./Core/Src/stm32f4xx_hal_msp.o
                0x08001418                HAL_UART_MspInit
 .text.NMI_Handler
                0x080014a8        0x8 ./Core/Src/stm32f4xx_it.o
                0x080014a8                NMI_Handler
 .text.HardFault_Handler
                0x080014b0        0x8 ./Core/Src/stm32f4xx_it.o
                0x080014b0                HardFault_Handler
 .text.MemManage_Handler
                0x080014b8        0x8 ./Core/Src/stm32f4xx_it.o
                0x080014b8                MemManage_Handler
 .text.BusFault_Handler
                0x080014c0        0x8 ./Core/Src/stm32f4xx_it.o
                0x080014c0                BusFault_Handler
 .text.UsageFault_Handler
                0x080014c8        0x8 ./Core/Src/stm32f4xx_it.o
                0x080014c8                UsageFault_Handler
 .text.SVC_Handler
                0x080014d0        0xe ./Core/Src/stm32f4xx_it.o
                0x080014d0                SVC_Handler
 .text.DebugMon_Handler
                0x080014de        0xe ./Core/Src/stm32f4xx_it.o
                0x080014de                DebugMon_Handler
 .text.PendSV_Handler
                0x080014ec        0xe ./Core/Src/stm32f4xx_it.o
                0x080014ec                PendSV_Handler
 .text.SysTick_Handler
                0x080014fa        0xc ./Core/Src/stm32f4xx_it.o
                0x080014fa                SysTick_Handler
 .text.EXTI3_IRQHandler
                0x08001506        0xe ./Core/Src/stm32f4xx_it.o
                0x08001506                EXTI3_IRQHandler
 .text.EXTI4_IRQHandler
                0x08001514        0xe ./Core/Src/stm32f4xx_it.o
                0x08001514                EXTI4_IRQHandler
 .text.EXTI9_5_IRQHandler
                0x08001522       0x1e ./Core/Src/stm32f4xx_it.o
                0x08001522                EXTI9_5_IRQHandler
 .text.EXTI15_10_IRQHandler
                0x08001540       0x10 ./Core/Src/stm32f4xx_it.o
                0x08001540                EXTI15_10_IRQHandler
 .text._sbrk    0x08001550       0x6c ./Core/Src/sysmem.o
                0x08001550                _sbrk
 .text.SystemInit
                0x080015bc       0x24 ./Core/Src/system_stm32f4xx.o
                0x080015bc                SystemInit
 .text.UI_Init  0x080015e0       0x1c ./Core/Src/ui.o
                0x080015e0                UI_Init
 .text.UI_FirstDraw
                0x080015fc       0x24 ./Core/Src/ui.o
                0x080015fc                UI_FirstDraw
 .text.UI_RefreshAll
                0x08001620       0x8c ./Core/Src/ui.o
                0x08001620                UI_RefreshAll
 .text.UI_ResetWaveAnim
                0x080016ac       0x20 ./Core/Src/ui.o
                0x080016ac                UI_ResetWaveAnim
 .text.UI_Service
                0x080016cc      0x114 ./Core/Src/ui.o
                0x080016cc                UI_Service
 .text.UI_DrawTrack
                0x080017e0       0x64 ./Core/Src/ui.o
 .text.UI_DrawVolume
                0x08001844       0x58 ./Core/Src/ui.o
 .text.UI_UpdateCacheFromPlayer
                0x0800189c       0x58 ./Core/Src/ui.o
 .text.UI_DrawPauseFull
                0x080018f4       0x30 ./Core/Src/ui.o
                0x080018f4                UI_DrawPauseFull
 .text.UI_DrawPauseIconOnly
                0x08001924       0x38 ./Core/Src/ui.o
                0x08001924                UI_DrawPauseIconOnly
 .text.UI_DrawPlayIconOnly
                0x0800195c       0x38 ./Core/Src/ui.o
                0x0800195c                UI_DrawPlayIconOnly
 .text.UI_DrawBluetoothFull
                0x08001994       0x30 ./Core/Src/ui.o
                0x08001994                UI_DrawBluetoothFull
 .text.UI_DrawWaveFrame
                0x080019c4       0x7c ./Core/Src/ui.o
                0x080019c4                UI_DrawWaveFrame
 .text.Reset_Handler
                0x08001a40       0x50 ./Core/Startup/startup_stm32f411ceux.o
                0x08001a40                Reset_Handler
 .text.Default_Handler
                0x08001a90        0x2 ./Core/Startup/startup_stm32f411ceux.o
                0x08001a90                RTC_Alarm_IRQHandler
                0x08001a90                EXTI2_IRQHandler
                0x08001a90                SPI4_IRQHandler
                0x08001a90                TIM1_CC_IRQHandler
                0x08001a90                DMA2_Stream5_IRQHandler
                0x08001a90                DMA1_Stream5_IRQHandler
                0x08001a90                PVD_IRQHandler
                0x08001a90                SDIO_IRQHandler
                0x08001a90                TAMP_STAMP_IRQHandler
                0x08001a90                TIM1_UP_TIM10_IRQHandler
                0x08001a90                I2C3_ER_IRQHandler
                0x08001a90                EXTI0_IRQHandler
                0x08001a90                I2C2_EV_IRQHandler
                0x08001a90                DMA1_Stream2_IRQHandler
                0x08001a90                FPU_IRQHandler
                0x08001a90                DMA2_Stream2_IRQHandler
                0x08001a90                SPI1_IRQHandler
                0x08001a90                TIM1_BRK_TIM9_IRQHandler
                0x08001a90                DMA2_Stream3_IRQHandler
                0x08001a90                USART6_IRQHandler
                0x08001a90                DMA2_Stream0_IRQHandler
                0x08001a90                TIM4_IRQHandler
                0x08001a90                I2C1_EV_IRQHandler
                0x08001a90                DMA1_Stream6_IRQHandler
                0x08001a90                DMA1_Stream1_IRQHandler
                0x08001a90                TIM3_IRQHandler
                0x08001a90                RCC_IRQHandler
                0x08001a90                Default_Handler
                0x08001a90                ADC_IRQHandler
                0x08001a90                DMA1_Stream7_IRQHandler
                0x08001a90                SPI5_IRQHandler
                0x08001a90                TIM5_IRQHandler
                0x08001a90                DMA2_Stream7_IRQHandler
                0x08001a90                I2C3_EV_IRQHandler
                0x08001a90                RTC_WKUP_IRQHandler
                0x08001a90                SPI2_IRQHandler
                0x08001a90                DMA1_Stream0_IRQHandler
                0x08001a90                WWDG_IRQHandler
                0x08001a90                TIM2_IRQHandler
                0x08001a90                OTG_FS_WKUP_IRQHandler
                0x08001a90                TIM1_TRG_COM_TIM11_IRQHandler
                0x08001a90                EXTI1_IRQHandler
                0x08001a90                USART2_IRQHandler
                0x08001a90                I2C2_ER_IRQHandler
                0x08001a90                DMA2_Stream1_IRQHandler
                0x08001a90                FLASH_IRQHandler
                0x08001a90                DMA2_Stream4_IRQHandler
                0x08001a90                USART1_IRQHandler
                0x08001a90                OTG_FS_IRQHandler
                0x08001a90                SPI3_IRQHandler
                0x08001a90                DMA1_Stream4_IRQHandler
                0x08001a90                I2C1_ER_IRQHandler
                0x08001a90                DMA2_Stream6_IRQHandler
                0x08001a90                DMA1_Stream3_IRQHandler
 *fill*         0x08001a92        0x2 
 .text.HAL_Init
                0x08001a94       0x44 ./Drivers/STM32F4xx_HAL_Driver/Src/stm32f4xx_hal.o
                0x08001a94                HAL_Init
 .text.HAL_InitTick
                0x08001ad8       0x60 ./Drivers/STM32F4xx_HAL_Driver/Src/stm32f4xx_hal.o
                0x08001ad8                HAL_InitTick
 .text.HAL_IncTick
                0x08001b38       0x28 ./Drivers/STM32F4xx_HAL_Driver/Src/stm32f4xx_hal.o
                0x08001b38                HAL_IncTick
 .text.HAL_GetTick
                0x08001b60       0x18 ./Drivers/STM32F4xx_HAL_Driver/Src/stm32f4xx_hal.o
                0x08001b60                HAL_GetTick
 .text.HAL_Delay
                0x08001b78       0x48 ./Drivers/STM32F4xx_HAL_Driver/Src/stm32f4xx_hal.o
                0x08001b78                HAL_Delay
 .text.HAL_ADC_Init
                0x08001bc0       0x86 ./Drivers/STM32F4xx_HAL_Driver/Src/stm32f4xx_hal_adc.o
                0x08001bc0                HAL_ADC_Init
 *fill*         0x08001c46        0x2 
 .text.HAL_ADC_ConfigChannel
                0x08001c48      0x264 ./Drivers/STM32F4xx_HAL_Driver/Src/stm32f4xx_hal_adc.o
                0x08001c48                HAL_ADC_ConfigChannel
 .text.ADC_Init
                0x08001eac      0x1f8 ./Drivers/STM32F4xx_HAL_Driver/Src/stm32f4xx_hal_adc.o
 .text.__NVIC_SetPriorityGrouping
                0x080020a4       0x48 ./Drivers/STM32F4xx_HAL_Driver/Src/stm32f4xx_hal_cortex.o
 .text.__NVIC_GetPriorityGrouping
                0x080020ec       0x1c ./Drivers/STM32F4xx_HAL_Driver/Src/stm32f4xx_hal_cortex.o
 .text.__NVIC_EnableIRQ
                0x08002108       0x3c ./Drivers/STM32F4xx_HAL_Driver/Src/stm32f4xx_hal_cortex.o
 .text.__NVIC_SetPriority
                0x08002144       0x54 ./Drivers/STM32F4xx_HAL_Driver/Src/stm32f4xx_hal_cortex.o
 .text.NVIC_EncodePriority
                0x08002198       0x66 ./Drivers/STM32F4xx_HAL_Driver/Src/stm32f4xx_hal_cortex.o
 *fill*         0x080021fe        0x2 
 .text.SysTick_Config
                0x08002200       0x44 ./Drivers/STM32F4xx_HAL_Driver/Src/stm32f4xx_hal_cortex.o
 .text.HAL_NVIC_SetPriorityGrouping
                0x08002244       0x16 ./Drivers/STM32F4xx_HAL_Driver/Src/stm32f4xx_hal_cortex.o
                0x08002244                HAL_NVIC_SetPriorityGrouping
 .text.HAL_NVIC_SetPriority
                0x0800225a       0x38 ./Drivers/STM32F4xx_HAL_Driver/Src/stm32f4xx_hal_cortex.o
                0x0800225a                HAL_NVIC_SetPriority
 .text.HAL_NVIC_EnableIRQ
                0x08002292       0x1c ./Drivers/STM32F4xx_HAL_Driver/Src/stm32f4xx_hal_cortex.o
                0x08002292                HAL_NVIC_EnableIRQ
 .text.HAL_SYSTICK_Config
                0x080022ae       0x18 ./Drivers/STM32F4xx_HAL_Driver/Src/stm32f4xx_hal_cortex.o
                0x080022ae                HAL_SYSTICK_Config
 *fill*         0x080022c6        0x2 
 .text.HAL_GPIO_Init
                0x080022c8      0x308 ./Drivers/STM32F4xx_HAL_Driver/Src/stm32f4xx_hal_gpio.o
                0x080022c8                HAL_GPIO_Init
 .text.HAL_GPIO_ReadPin
                0x080025d0       0x30 ./Drivers/STM32F4xx_HAL_Driver/Src/stm32f4xx_hal_gpio.o
                0x080025d0                HAL_GPIO_ReadPin
 .text.HAL_GPIO_WritePin
                0x08002600       0x32 ./Drivers/STM32F4xx_HAL_Driver/Src/stm32f4xx_hal_gpio.o
                0x08002600                HAL_GPIO_WritePin
 *fill*         0x08002632        0x2 
 .text.HAL_GPIO_EXTI_IRQHandler
                0x08002634       0x30 ./Drivers/STM32F4xx_HAL_Driver/Src/stm32f4xx_hal_gpio.o
                0x08002634                HAL_GPIO_EXTI_IRQHandler
 .text.HAL_I2C_Init
                0x08002664      0x288 ./Drivers/STM32F4xx_HAL_Driver/Src/stm32f4xx_hal_i2c.o
                0x08002664                HAL_I2C_Init
 .text.HAL_I2C_Mem_Write
                0x080028ec      0x1f4 ./Drivers/STM32F4xx_HAL_Driver/Src/stm32f4xx_hal_i2c.o
                0x080028ec                HAL_I2C_Mem_Write
 .text.I2C_RequestMemoryWrite
                0x08002ae0      0x12c ./Drivers/STM32F4xx_HAL_Driver/Src/stm32f4xx_hal_i2c.o
 .text.I2C_WaitOnFlagUntilTimeout
                0x08002c0c       0xf4 ./Drivers/STM32F4xx_HAL_Driver/Src/stm32f4xx_hal_i2c.o
 .text.I2C_WaitOnMasterAddressFlagUntilTimeout
                0x08002d00      0x140 ./Drivers/STM32F4xx_HAL_Driver/Src/stm32f4xx_hal_i2c.o
 .text.I2C_WaitOnTXEFlagUntilTimeout
                0x08002e40       0x90 ./Drivers/STM32F4xx_HAL_Driver/Src/stm32f4xx_hal_i2c.o
 .text.I2C_WaitOnBTFFlagUntilTimeout
                0x08002ed0       0x90 ./Drivers/STM32F4xx_HAL_Driver/Src/stm32f4xx_hal_i2c.o
 .text.I2C_IsAcknowledgeFailed
                0x08002f60       0x5e ./Drivers/STM32F4xx_HAL_Driver/Src/stm32f4xx_hal_i2c.o
 *fill*         0x08002fbe        0x2 
 .text.HAL_RCC_OscConfig
                0x08002fc0      0x4f0 ./Drivers/STM32F4xx_HAL_Driver/Src/stm32f4xx_hal_rcc.o
                0x08002fc0                HAL_RCC_OscConfig
 .text.HAL_RCC_ClockConfig
                0x080034b0      0x1cc ./Drivers/STM32F4xx_HAL_Driver/Src/stm32f4xx_hal_rcc.o
                0x080034b0                HAL_RCC_ClockConfig
 .text.HAL_RCC_GetSysClockFreq
                0x0800367c      0x188 ./Drivers/STM32F4xx_HAL_Driver/Src/stm32f4xx_hal_rcc.o
                0x0800367c                HAL_RCC_GetSysClockFreq
 .text.HAL_RCC_GetHCLKFreq
                0x08003804       0x18 ./Drivers/STM32F4xx_HAL_Driver/Src/stm32f4xx_hal_rcc.o
                0x08003804                HAL_RCC_GetHCLKFreq
 .text.HAL_RCC_GetPCLK1Freq
                0x0800381c       0x28 ./Drivers/STM32F4xx_HAL_Driver/Src/stm32f4xx_hal_rcc.o
                0x0800381c                HAL_RCC_GetPCLK1Freq
 .text.HAL_RCC_GetPCLK2Freq
                0x08003844       0x28 ./Drivers/STM32F4xx_HAL_Driver/Src/stm32f4xx_hal_rcc.o
                0x08003844                HAL_RCC_GetPCLK2Freq
 .text.HAL_UART_Init
                0x0800386c       0xa0 ./Drivers/STM32F4xx_HAL_Driver/Src/stm32f4xx_hal_uart.o
                0x0800386c                HAL_UART_Init
 .text.HAL_UART_Transmit
                0x0800390c      0x116 ./Drivers/STM32F4xx_HAL_Driver/Src/stm32f4xx_hal_uart.o
                0x0800390c                HAL_UART_Transmit
 .text.HAL_UART_Receive
                0x08003a22      0x12e ./Drivers/STM32F4xx_HAL_Driver/Src/stm32f4xx_hal_uart.o
                0x08003a22                HAL_UART_Receive
 .text.UART_WaitOnFlagUntilTimeout
                0x08003b50       0xb2 ./Drivers/STM32F4xx_HAL_Driver/Src/stm32f4xx_hal_uart.o
 .text.UART_EndRxTransfer
                0x08003c02       0xc6 ./Drivers/STM32F4xx_HAL_Driver/Src/stm32f4xx_hal_uart.o
 .text.UART_SetConfig
                0x08003cc8      0x4e8 ./Drivers/STM32F4xx_HAL_Driver/Src/stm32f4xx_hal_uart.o
 .text.DFPLAYER_SendUART
                0x080041b0       0x22 ./Third_Parties/dfplayer/DFPLAYER.o
 .text.DFPLAYER_Delay
                0x080041d2       0x1a ./Third_Parties/dfplayer/DFPLAYER.o
 .text.DFPLAYER_GetChecksum
                0x080041ec       0x40 ./Third_Parties/dfplayer/DFPLAYER.o
 .text.DFPLAYER_FillBigend
                0x0800422c       0x2e ./Third_Parties/dfplayer/DFPLAYER.o
 .text.DFPLAYER_FillChecksum
                0x0800425a       0x2e ./Third_Parties/dfplayer/DFPLAYER.o
 .text.DFPLAYER_SendCmdEx
                0x08004288       0x4c ./Third_Parties/dfplayer/DFPLAYER.o
 .text.DFPLAYER_SendCmd
                0x080042d4       0x38 ./Third_Parties/dfplayer/DFPLAYER.o
 .text.DFPLAYER_FlushRx
                0x0800430c       0x2a ./Third_Parties/dfplayer/DFPLAYER.o
 .text.DFPLAYER_ReadFrame
                0x08004336       0x7e ./Third_Parties/dfplayer/DFPLAYER.o
 .text.DFPLAYER_WaitResponseCmd
                0x080043b4       0x84 ./Third_Parties/dfplayer/DFPLAYER.o
 .text.DFPLAYER_Init
                0x08004438       0x48 ./Third_Parties/dfplayer/DFPLAYER.o
                0x08004438                DFPLAYER_Init
 .text.DFPLAYER_Next
                0x08004480       0x1c ./Third_Parties/dfplayer/DFPLAYER.o
                0x08004480                DFPLAYER_Next
 .text.DFPLAYER_Prev
                0x0800449c       0x1c ./Third_Parties/dfplayer/DFPLAYER.o
                0x0800449c                DFPLAYER_Prev
 .text.DFPLAYER_SetVolume
                0x080044b8       0x30 ./Third_Parties/dfplayer/DFPLAYER.o
                0x080044b8                DFPLAYER_SetVolume
 .text.DFPLAYER_Play
                0x080044e8       0x1c ./Third_Parties/dfplayer/DFPLAYER.o
                0x080044e8                DFPLAYER_Play
 .text.DFPLAYER_Pause
                0x08004504       0x1c ./Third_Parties/dfplayer/DFPLAYER.o
                0x08004504                DFPLAYER_Pause
 .text.DFPLAYER_SelectTF
                0x08004520       0x20 ./Third_Parties/dfplayer/DFPLAYER.o
                0x08004520                DFPLAYER_SelectTF
 .text.DFPLAYER_QueryCurrentTfTrack
                0x08004540       0x42 ./Third_Parties/dfplayer/DFPLAYER.o
                0x08004540                DFPLAYER_QueryCurrentTfTrack
 .text.ssd1306_Reset
                0x08004582        0xe ./Third_Parties/ssd1306/ssd1306.o
                0x08004582                ssd1306_Reset
 .text.ssd1306_WriteCommand
                0x08004590       0x30 ./Third_Parties/ssd1306/ssd1306.o
                0x08004590                ssd1306_WriteCommand
 .text.ssd1306_WriteData
                0x080045c0       0x34 ./Third_Parties/ssd1306/ssd1306.o
                0x080045c0                ssd1306_WriteData
 .text.ssd1306_Init
                0x080045f4       0xd4 ./Third_Parties/ssd1306/ssd1306.o
                0x080045f4                ssd1306_Init
 .text.ssd1306_Fill
                0x080046c8       0x30 ./Third_Parties/ssd1306/ssd1306.o
                0x080046c8                ssd1306_Fill
 .text.ssd1306_UpdateScreen
                0x080046f8       0x50 ./Third_Parties/ssd1306/ssd1306.o
                0x080046f8                ssd1306_UpdateScreen
 .text.ssd1306_UpdateArea
                0x08004748       0xec ./Third_Parties/ssd1306/ssd1306.o
                0x08004748                ssd1306_UpdateArea
 .text.ssd1306_DrawPixel
                0x08004834       0xa8 ./Third_Parties/ssd1306/ssd1306.o
                0x08004834                ssd1306_DrawPixel
 .text.ssd1306_WriteChar
                0x080048dc      0x124 ./Third_Parties/ssd1306/ssd1306.o
                0x080048dc                ssd1306_WriteChar
 .text.ssd1306_WriteString
                0x08004a00       0x4c ./Third_Parties/ssd1306/ssd1306.o
                0x08004a00                ssd1306_WriteString
 .text.ssd1306_SetCursor
                0x08004a4c       0x30 ./Third_Parties/ssd1306/ssd1306.o
                0x08004a4c                ssd1306_SetCursor
 .text.ssd1306_FillRectangle
                0x08004a7c       0x9c ./Third_Parties/ssd1306/ssd1306.o
                0x08004a7c                ssd1306_FillRectangle
 .text.ssd1306_DrawBitmap
                0x08004b18       0xb6 ./Third_Parties/ssd1306/ssd1306.o
                0x08004b18                ssd1306_DrawBitmap
 .text.ssd1306_SetContrast
                0x08004bce       0x26 ./Third_Parties/ssd1306/ssd1306.o
                0x08004bce                ssd1306_SetContrast
 .text.ssd1306_SetDisplayOn
                0x08004bf4       0x3c ./Third_Parties/ssd1306/ssd1306.o
                0x08004bf4                ssd1306_SetDisplayOn
 .text.snprintf
                0x08004c30       0x6c E:/ASUS/STM32CubeIDE_1.13.2/STM32CubeIDE/plugins/com.st.stm32cube.ide.mcu.externaltools.gnu-tools-for-stm32.14.3.rel1.win32_1.0.100.202602081740/tools/bin/../lib/gcc/arm-none-eabi/14.3.1/../../../../arm-none-eabi/lib/thumb/v7e-m+fp/hard\libc_nano.a(libc_a-snprintf.o)
                0x08004c30                sniprintf
                0x08004c30                snprintf
 .text.memset   0x08004c9c       0x10 E:/ASUS/STM32CubeIDE_1.13.2/STM32CubeIDE/plugins/com.st.stm32cube.ide.mcu.externaltools.gnu-tools-for-stm32.14.3.rel1.win32_1.0.100.202602081740/tools/bin/../lib/gcc/arm-none-eabi/14.3.1/../../../../arm-none-eabi/lib/thumb/v7e-m+fp/hard\libc_nano.a(libc_a-memset.o)
                0x08004c9c                memset
 .text.__errno  0x08004cac        0xc E:/ASUS/STM32CubeIDE_1.13.2/STM32CubeIDE/plugins/com.st.stm32cube.ide.mcu.externaltools.gnu-tools-for-stm32.14.3.rel1.win32_1.0.100.202602081740/tools/bin/../lib/gcc/arm-none-eabi/14.3.1/../../../../arm-none-eabi/lib/thumb/v7e-m+fp/hard\libc_nano.a(libc_a-errno.o)
                0x08004cac                __errno
 .text.__libc_init_array
                0x08004cb8       0x48 E:/ASUS/STM32CubeIDE_1.13.2/STM32CubeIDE/plugins/com.st.stm32cube.ide.mcu.externaltools.gnu-tools-for-stm32.14.3.rel1.win32_1.0.100.202602081740/tools/bin/../lib/gcc/arm-none-eabi/14.3.1/../../../../arm-none-eabi/lib/thumb/v7e-m+fp/hard\libc_nano.a(libc_a-init.o)
                0x08004cb8                __libc_init_array
 .text.__retarget_lock_acquire_recursive
                0x08004d00        0x2 E:/ASUS/STM32CubeIDE_1.13.2/STM32CubeIDE/plugins/com.st.stm32cube.ide.mcu.externaltools.gnu-tools-for-stm32.14.3.rel1.win32_1.0.100.202602081740/tools/bin/../lib/gcc/arm-none-eabi/14.3.1/../../../../arm-none-eabi/lib/thumb/v7e-m+fp/hard\libc_nano.a(libc_a-lock.o)
                0x08004d00                __retarget_lock_acquire_recursive
 .text.__retarget_lock_release_recursive
                0x08004d02        0x2 E:/ASUS/STM32CubeIDE_1.13.2/STM32CubeIDE/plugins/com.st.stm32cube.ide.mcu.externaltools.gnu-tools-for-stm32.14.3.rel1.win32_1.0.100.202602081740/tools/bin/../lib/gcc/arm-none-eabi/14.3.1/../../../../arm-none-eabi/lib/thumb/v7e-m+fp/hard\libc_nano.a(libc_a-lock.o)
                0x08004d02                __retarget_lock_release_recursive
 .text.memcpy   0x08004d04       0x1c E:/ASUS/STM32CubeIDE_1.13.2/STM32CubeIDE/plugins/com.st.stm32cube.ide.mcu.externaltools.gnu-tools-for-stm32.14.3.rel1.win32_1.0.100.202602081740/tools/bin/../lib/gcc/arm-none-eabi/14.3.1/../../../../arm-none-eabi/lib/thumb/v7e-m+fp/hard\libc_nano.a(libc_a-memcpy-stub.o)
                0x08004d04                memcpy
 .text._free_r  0x08004d20       0x94 E:/ASUS/STM32CubeIDE_1.13.2/STM32CubeIDE/plugins/com.st.stm32cube.ide.mcu.externaltools.gnu-tools-for-stm32.14.3.rel1.win32_1.0.100.202602081740/tools/bin/../lib/gcc/arm-none-eabi/14.3.1/../../../../arm-none-eabi/lib/thumb/v7e-m+fp/hard\libc_nano.a(libc_a-freer.o)
                0x08004d20                _free_r
 .text.sbrk_aligned
                0x08004db4       0x44 E:/ASUS/STM32CubeIDE_1.13.2/STM32CubeIDE/plugins/com.st.stm32cube.ide.mcu.externaltools.gnu-tools-for-stm32.14.3.rel1.win32_1.0.100.202602081740/tools/bin/../lib/gcc/arm-none-eabi/14.3.1/../../../../arm-none-eabi/lib/thumb/v7e-m+fp/hard\libc_nano.a(libc_a-mallocr.o)
 .text._malloc_r
                0x08004df8      0x100 E:/ASUS/STM32CubeIDE_1.13.2/STM32CubeIDE/plugins/com.st.stm32cube.ide.mcu.externaltools.gnu-tools-for-stm32.14.3.rel1.win32_1.0.100.202602081740/tools/bin/../lib/gcc/arm-none-eabi/14.3.1/../../../../arm-none-eabi/lib/thumb/v7e-m+fp/hard\libc_nano.a(libc_a-mallocr.o)
                0x08004df8                _malloc_r
 .text.__malloc_lock
                0x08004ef8        0xc E:/ASUS/STM32CubeIDE_1.13.2/STM32CubeIDE/plugins/com.st.stm32cube.ide.mcu.externaltools.gnu-tools-for-stm32.14.3.rel1.win32_1.0.100.202602081740/tools/bin/../lib/gcc/arm-none-eabi/14.3.1/../../../../arm-none-eabi/lib/thumb/v7e-m+fp/hard\libc_nano.a(libc_a-mlock.o)
                0x08004ef8                __malloc_lock
 .text.__malloc_unlock
                0x08004f04        0xc E:/ASUS/STM32CubeIDE_1.13.2/STM32CubeIDE/plugins/com.st.stm32cube.ide.mcu.externaltools.gnu-tools-for-stm32.14.3.rel1.win32_1.0.100.202602081740/tools/bin/../lib/gcc/arm-none-eabi/14.3.1/../../../../arm-none-eabi/lib/thumb/v7e-m+fp/hard\libc_nano.a(libc_a-mlock.o)
                0x08004f04                __malloc_unlock
 .text.__ssputs_r
                0x08004f10       0xc0 E:/ASUS/STM32CubeIDE_1.13.2/STM32CubeIDE/plugins/com.st.stm32cube.ide.mcu.externaltools.gnu-tools-for-stm32.14.3.rel1.win32_1.0.100.202602081740/tools/bin/../lib/gcc/arm-none-eabi/14.3.1/../../../../arm-none-eabi/lib/thumb/v7e-m+fp/hard\libc_nano.a(libc_a-nano-svfprintf.o)
                0x08004f10                __ssputs_r
 .text._svfprintf_r
                0x08004fd0      0x1f0 E:/ASUS/STM32CubeIDE_1.13.2/STM32CubeIDE/plugins/com.st.stm32cube.ide.mcu.externaltools.gnu-tools-for-stm32.14.3.rel1.win32_1.0.100.202602081740/tools/bin/../lib/gcc/arm-none-eabi/14.3.1/../../../../arm-none-eabi/lib/thumb/v7e-m+fp/hard\libc_nano.a(libc_a-nano-svfprintf.o)
                0x08004fd0                _svfiprintf_r
                0x08004fd0                _svfprintf_r
 .text._printf_common
                0x080051c0       0xda E:/ASUS/STM32CubeIDE_1.13.2/STM32CubeIDE/plugins/com.st.stm32cube.ide.mcu.externaltools.gnu-tools-for-stm32.14.3.rel1.win32_1.0.100.202602081740/tools/bin/../lib/gcc/arm-none-eabi/14.3.1/../../../../arm-none-eabi/lib/thumb/v7e-m+fp/hard\libc_nano.a(libc_a-nano-vfprintf_i.o)
                0x080051c0                _printf_common
 *fill*         0x0800529a        0x2 
 .text._printf_i
                0x0800529c      0x24c E:/ASUS/STM32CubeIDE_1.13.2/STM32CubeIDE/plugins/com.st.stm32cube.ide.mcu.externaltools.gnu-tools-for-stm32.14.3.rel1.win32_1.0.100.202602081740/tools/bin/../lib/gcc/arm-none-eabi/14.3.1/../../../../arm-none-eabi/lib/thumb/v7e-m+fp/hard\libc_nano.a(libc_a-nano-vfprintf_i.o)
                0x0800529c                _printf_i
 .text.memmove  0x080054e8       0x32 E:/ASUS/STM32CubeIDE_1.13.2/STM32CubeIDE/plugins/com.st.stm32cube.ide.mcu.externaltools.gnu-tools-for-stm32.14.3.rel1.win32_1.0.100.202602081740/tools/bin/../lib/gcc/arm-none-eabi/14.3.1/../../../../arm-none-eabi/lib/thumb/v7e-m+fp/hard\libc_nano.a(libc_a-memmove.o)
                0x080054e8                memmove
 *fill*         0x0800551a        0x2 
 .text._sbrk_r  0x0800551c       0x20 E:/ASUS/STM32CubeIDE_1.13.2/STM32CubeIDE/plugins/com.st.stm32cube.ide.mcu.externaltools.gnu-tools-for-stm32.14.3.rel1.win32_1.0.100.202602081740/tools/bin/../lib/gcc/arm-none-eabi/14.3.1/../../../../arm-none-eabi/lib/thumb/v7e-m+fp/hard\libc_nano.a(libc_a-sbrkr.o)
                0x0800551c                _sbrk_r
 .text._realloc_r
                0x0800553c       0x5c E:/ASUS/STM32CubeIDE_1.13.2/STM32CubeIDE/plugins/com.st.stm32cube.ide.mcu.externaltools.gnu-tools-for-stm32.14.3.rel1.win32_1.0.100.202602081740/tools/bin/../lib/gcc/arm-none-eabi/14.3.1/../../../../arm-none-eabi/lib/thumb/v7e-m+fp/hard\libc_nano.a(libc_a-reallocr.o)
                0x0800553c                _realloc_r
 .text._malloc_usable_size_r
                0x08005598       0x10 E:/ASUS/STM32CubeIDE_1.13.2/STM32CubeIDE/plugins/com.st.stm32cube.ide.mcu.externaltools.gnu-tools-for-stm32.14.3.rel1.win32_1.0.100.202602081740/tools/bin/../lib/gcc/arm-none-eabi/14.3.1/../../../../arm-none-eabi/lib/thumb/v7e-m+fp/hard\libc_nano.a(libc_a-msizer.o)
                0x08005598                _malloc_usable_size_r
 *(.glue_7)
 .glue_7        0x080055a8        0x0 linker stubs
 *(.glue_7t)
 .glue_7t       0x080055a8        0x0 linker stubs
 *(.eh_frame)
 .eh_frame      0x080055a8        0x0 E:/ASUS/STM32CubeIDE_1.13.2/STM32CubeIDE/plugins/com.st.stm32cube.ide.mcu.externaltools.gnu-tools-for-stm32.14.3.rel1.win32_1.0.100.202602081740/tools/bin/../lib/gcc/arm-none-eabi/14.3.1/thumb/v7e-m+fp/hard/crtbegin.o
 *(.init)
 .init          0x080055a8        0x4 E:/ASUS/STM32CubeIDE_1.13.2/STM32CubeIDE/plugins/com.st.stm32cube.ide.mcu.externaltools.gnu-tools-for-stm32.14.3.rel1.win32_1.0.100.202602081740/tools/bin/../lib/gcc/arm-none-eabi/14.3.1/thumb/v7e-m+fp/hard/crti.o
                0x080055a8                _init
 .init          0x080055ac        0x8 E:/ASUS/STM32CubeIDE_1.13.2/STM32CubeIDE/plugins/com.st.stm32cube.ide.mcu.externaltools.gnu-tools-for-stm32.14.3.rel1.win32_1.0.100.202602081740/tools/bin/../lib/gcc/arm-none-eabi/14.3.1/thumb/v7e-m+fp/hard/crtn.o
 *(.fini)
 .fini          0x080055b4        0x4 E:/ASUS/STM32CubeIDE_1.13.2/STM32CubeIDE/plugins/com.st.stm32cube.ide.mcu.externaltools.gnu-tools-for-stm32.14.3.rel1.win32_1.0.100.202602081740/tools/bin/../lib/gcc/arm-none-eabi/14.3.1/thumb/v7e-m+fp/hard/crti.o
                0x080055b4                _fini
 .fini          0x080055b8        0x8 E:/ASUS/STM32CubeIDE_1.13.2/STM32CubeIDE/plugins/com.st.stm32cube.ide.mcu.externaltools.gnu-tools-for-stm32.14.3.rel1.win32_1.0.100.202602081740/tools/bin/../lib/gcc/arm-none-eabi/14.3.1/thumb/v7e-m+fp/hard/crtn.o
                0x080055c0                        . = ALIGN (0x4)
                0x080055c0                        _etext = .

.vfp11_veneer   0x080055c0        0x0
 .vfp11_veneer  0x080055c0        0x0 linker stubs

.v4_bx          0x080055c0        0x0
 .v4_bx         0x080055c0        0x0 linker stubs

.iplt           0x080055c0        0x0
 .iplt          0x080055c0        0x0 E:/ASUS/STM32CubeIDE_1.13.2/STM32CubeIDE/plugins/com.st.stm32cube.ide.mcu.externaltools.gnu-tools-for-stm32.14.3.rel1.win32_1.0.100.202602081740/tools/bin/../lib/gcc/arm-none-eabi/14.3.1/thumb/v7e-m+fp/hard/crtbegin.o

.rodata         0x080055c0     0x3f08
                0x080055c0                        . = ALIGN (0x4)
 *(.rodata)
 .rodata        0x080055c0       0x40 ./Core/Src/ui.o
 *(.rodata*)
 .rodata.AHBPrescTable
                0x08005600       0x10 ./Core/Src/system_stm32f4xx.o
                0x08005600                AHBPrescTable
 .rodata.APBPrescTable
                0x08005610        0x8 ./Core/Src/system_stm32f4xx.o
                0x08005610                APBPrescTable
 .rodata.ui_bluetooth_bitmap
                0x08005618      0x400 ./Core/Src/ui_assets.o
                0x08005618                ui_bluetooth_bitmap
 .rodata.ui_pause_bitmap
                0x08005a18      0x440 ./Core/Src/ui_assets.o
                0x08005a18                ui_pause_bitmap
 .rodata.ui_play_bitmap
                0x08005e58      0x440 ./Core/Src/ui_assets.o
                0x08005e58                ui_play_bitmap
 .rodata.ui_wave_1
                0x08006298      0x400 ./Core/Src/ui_assets.o
                0x08006298                ui_wave_1
 .rodata.ui_wave_2
                0x08006698      0x400 ./Core/Src/ui_assets.o
                0x08006698                ui_wave_2
 .rodata.ui_wave_3
                0x08006a98      0x400 ./Core/Src/ui_assets.o
                0x08006a98                ui_wave_3
 .rodata.ui_wave_4
                0x08006e98      0x400 ./Core/Src/ui_assets.o
                0x08006e98                ui_wave_4
 .rodata.ui_wave_5
                0x08007298      0x400 ./Core/Src/ui_assets.o
                0x08007298                ui_wave_5
 .rodata.ui_wave_7
                0x08007698      0x400 ./Core/Src/ui_assets.o
                0x08007698                ui_wave_7
 .rodata.ui_wave_8
                0x08007a98      0x400 ./Core/Src/ui_assets.o
                0x08007a98                ui_wave_8
 .rodata.ui_wave_9
                0x08007e98      0x400 ./Core/Src/ui_assets.o
                0x08007e98                ui_wave_9
 .rodata.ui_wave_10
                0x08008298      0x400 ./Core/Src/ui_assets.o
                0x08008298                ui_wave_10
 .rodata.ui_wave_6
                0x08008698      0x400 ./Core/Src/ui_assets.o
                0x08008698                ui_wave_6
 .rodata.ui_wave_11
                0x08008a98      0x400 ./Core/Src/ui_assets.o
                0x08008a98                ui_wave_11
 .rodata.Font6x8
                0x08008e98      0x5f0 ./Third_Parties/ssd1306/ssd1306_fonts.o
 .rodata.Font_6x8
                0x08009488        0xc ./Third_Parties/ssd1306/ssd1306_fonts.o
                0x08009488                Font_6x8
 .rodata._svfprintf_r.str1.1
                0x08009494       0x33 E:/ASUS/STM32CubeIDE_1.13.2/STM32CubeIDE/plugins/com.st.stm32cube.ide.mcu.externaltools.gnu-tools-for-stm32.14.3.rel1.win32_1.0.100.202602081740/tools/bin/../lib/gcc/arm-none-eabi/14.3.1/../../../../arm-none-eabi/lib/thumb/v7e-m+fp/hard\libc_nano.a(libc_a-nano-svfprintf.o)
                                 0x11 (size before relaxing)
 .rodata._printf_i.str1.1
                0x080094c7       0x22 E:/ASUS/STM32CubeIDE_1.13.2/STM32CubeIDE/plugins/com.st.stm32cube.ide.mcu.externaltools.gnu-tools-for-stm32.14.3.rel1.win32_1.0.100.202602081740/tools/bin/../lib/gcc/arm-none-eabi/14.3.1/../../../../arm-none-eabi/lib/thumb/v7e-m+fp/hard\libc_nano.a(libc_a-nano-vfprintf_i.o)
                0x080094ec                        . = ALIGN (0x4)
 *fill*         0x080094c7        0x1 

.ARM.extab      0x080094c8        0x0
                0x080094c8                        . = ALIGN (0x4)
 *(.ARM.extab* .gnu.linkonce.armextab.*)
                0x080094c8                        . = ALIGN (0x4)

.ARM            0x080094c8        0x8
                0x080094c8                        . = ALIGN (0x4)
                0x080094c8                        __exidx_start = .
 *(.ARM.exidx*)
 .ARM.exidx     0x080094c8        0x8 E:/ASUS/STM32CubeIDE_1.13.2/STM32CubeIDE/plugins/com.st.stm32cube.ide.mcu.externaltools.gnu-tools-for-stm32.14.3.rel1.win32_1.0.100.202602081740/tools/bin/../lib/gcc/arm-none-eabi/14.3.1/../../../../arm-none-eabi/lib/thumb/v7e-m+fp/hard\libc_nano.a(libc_a-memchr.o)
 .ARM.exidx     0x080094d0        0x0 E:/ASUS/STM32CubeIDE_1.13.2/STM32CubeIDE/plugins/com.st.stm32cube.ide.mcu.externaltools.gnu-tools-for-stm32.14.3.rel1.win32_1.0.100.202602081740/tools/bin/../lib/gcc/arm-none-eabi/14.3.1/thumb/v7e-m+fp/hard\libgcc.a(_udivmoddi4.o)
                                  0x8 (size before relaxing)
                0x080094d0                        __exidx_end = .
                0x080094d0                        . = ALIGN (0x4)

.preinit_array  0x080094d0        0x0
                0x080094d0                        . = ALIGN (0x4)
                0x080094d0                        PROVIDE (__preinit_array_start = .)
 *(.preinit_array*)
                0x080094d0                        PROVIDE (__preinit_array_end = .)
                0x080094d0                        . = ALIGN (0x4)

.init_array     0x080094d0        0x4
                0x080094d0                        . = ALIGN (0x4)
                0x080094d0                        PROVIDE (__init_array_start = .)
 *(SORT_BY_NAME(.init_array.*))
 *(.init_array*)
 .init_array    0x080094d0        0x4 E:/ASUS/STM32CubeIDE_1.13.2/STM32CubeIDE/plugins/com.st.stm32cube.ide.mcu.externaltools.gnu-tools-for-stm32.14.3.rel1.win32_1.0.100.202602081740/tools/bin/../lib/gcc/arm-none-eabi/14.3.1/thumb/v7e-m+fp/hard/crtbegin.o
                0x080094d4                        PROVIDE (__init_array_end = .)
                0x080094d4                        . = ALIGN (0x4)

.fini_array     0x080094d4        0x4
                0x080094d4                        . = ALIGN (0x4)
                [!provide]                        PROVIDE (__fini_array_start = .)
 *(SORT_BY_NAME(.fini_array.*))
 *(.fini_array*)
 .fini_array    0x080094d4        0x4 E:/ASUS/STM32CubeIDE_1.13.2/STM32CubeIDE/plugins/com.st.stm32cube.ide.mcu.externaltools.gnu-tools-for-stm32.14.3.rel1.win32_1.0.100.202602081740/tools/bin/../lib/gcc/arm-none-eabi/14.3.1/thumb/v7e-m+fp/hard/crtbegin.o
                [!provide]                        PROVIDE (__fini_array_end = .)
                0x080094d8                        . = ALIGN (0x4)
                0x080094d8                        _sidata = LOADADDR (.data)

.rel.dyn        0x080094d8        0x0
 .rel.iplt      0x080094d8        0x0 E:/ASUS/STM32CubeIDE_1.13.2/STM32CubeIDE/plugins/com.st.stm32cube.ide.mcu.externaltools.gnu-tools-for-stm32.14.3.rel1.win32_1.0.100.202602081740/tools/bin/../lib/gcc/arm-none-eabi/14.3.1/thumb/v7e-m+fp/hard/crtbegin.o

.data           0x20000000       0xbc load address 0x080094d8
                0x20000000                        . = ALIGN (0x4)
                0x20000000                        _sdata = .
 *(.data)
 *(.data*)
 .data.g_buttons
                0x20000000       0x48 ./Core/Src/input.o
 .data.g_volume
                0x20000048        0x1 ./Core/Src/player_service.o
 .data.g_busy_idle_stable
                0x20000049        0x1 ./Core/Src/player_service.o
 .data.g_busy_idle_sample
                0x2000004a        0x1 ./Core/Src/player_service.o
 .data.g_track  0x2000004b        0x1 ./Core/Src/player_service.o
 .data.g_track_total
                0x2000004c        0x1 ./Core/Src/player_service.o
 *fill*         0x2000004d        0x3 
 .data.SystemCoreClock
                0x20000050        0x4 ./Core/Src/system_stm32f4xx.o
                0x20000050                SystemCoreClock
 .data.g_cache_track
                0x20000054        0x1 ./Core/Src/ui.o
 .data.g_cache_track_total
                0x20000055        0x1 ./Core/Src/ui.o
 *fill*         0x20000056        0x2 
 .data.uwTickPrio
                0x20000058        0x4 ./Drivers/STM32F4xx_HAL_Driver/Src/stm32f4xx_hal.o
                0x20000058                uwTickPrio
 .data.uwTickFreq
                0x2000005c        0x1 ./Drivers/STM32F4xx_HAL_Driver/Src/stm32f4xx_hal.o
                0x2000005c                uwTickFreq
 *fill*         0x2000005d        0x3 
 .data.SendFrame
                0x20000060        0xa ./Third_Parties/dfplayer/DFPLAYER.o
 *fill*         0x2000006a        0x2 
 .data._impure_ptr
                0x2000006c        0x4 E:/ASUS/STM32CubeIDE_1.13.2/STM32CubeIDE/plugins/com.st.stm32cube.ide.mcu.externaltools.gnu-tools-for-stm32.14.3.rel1.win32_1.0.100.202602081740/tools/bin/../lib/gcc/arm-none-eabi/14.3.1/../../../../arm-none-eabi/lib/thumb/v7e-m+fp/hard\libc_nano.a(libc_a-impure.o)
                0x2000006c                _impure_ptr
 .data._impure_data
                0x20000070       0x4c E:/ASUS/STM32CubeIDE_1.13.2/STM32CubeIDE/plugins/com.st.stm32cube.ide.mcu.externaltools.gnu-tools-for-stm32.14.3.rel1.win32_1.0.100.202602081740/tools/bin/../lib/gcc/arm-none-eabi/14.3.1/../../../../arm-none-eabi/lib/thumb/v7e-m+fp/hard\libc_nano.a(libc_a-impure.o)
                0x20000070                _impure_data
 *(.RamFunc)
 *(.RamFunc*)
                0x200000bc                        . = ALIGN (0x4)
                0x200000bc                        _edata = .

.igot.plt       0x200000bc        0x0 load address 0x08009594
 .igot.plt      0x200000bc        0x0 E:/ASUS/STM32CubeIDE_1.13.2/STM32CubeIDE/plugins/com.st.stm32cube.ide.mcu.externaltools.gnu-tools-for-stm32.14.3.rel1.win32_1.0.100.202602081740/tools/bin/../lib/gcc/arm-none-eabi/14.3.1/thumb/v7e-m+fp/hard/crtbegin.o
                0x200000bc                        . = ALIGN (0x4)

.bss            0x200000bc      0x6d4 load address 0x08009594
                0x200000bc                        _sbss = .
                0x200000bc                        __bss_start__ = _sbss
 *(.bss)
 .bss           0x200000bc       0x1c E:/ASUS/STM32CubeIDE_1.13.2/STM32CubeIDE/plugins/com.st.stm32cube.ide.mcu.externaltools.gnu-tools-for-stm32.14.3.rel1.win32_1.0.100.202602081740/tools/bin/../lib/gcc/arm-none-eabi/14.3.1/thumb/v7e-m+fp/hard/crtbegin.o
 *(.bss*)
 .bss.g_evt_q   0x200000d8       0x10 ./Core/Src/input.o
 .bss.g_evt_q_head
                0x200000e8        0x1 ./Core/Src/input.o
 .bss.g_evt_q_tail
                0x200000e9        0x1 ./Core/Src/input.o
 .bss.g_dbg_last_exti_pin
                0x200000ea        0x2 ./Core/Src/input.o
 .bss.g_dbg_exti_count
                0x200000ec       0x40 ./Core/Src/input.o
 .bss.hadc1     0x2000012c       0x48 ./Core/Src/main.o
                0x2000012c                hadc1
 .bss.hi2c1     0x20000174       0x54 ./Core/Src/main.o
                0x20000174                hi2c1
 .bss.huart1    0x200001c8       0x48 ./Core/Src/main.o
                0x200001c8                huart1
 .bss.g_dfp     0x20000210       0x10 ./Core/Src/player_service.o
 .bss.g_is_playing
                0x20000220        0x1 ./Core/Src/player_service.o
 .bss.g_df_started_once
                0x20000221        0x1 ./Core/Src/player_service.o
 .bss.g_source  0x20000222        0x1 ./Core/Src/player_service.o
 *fill*         0x20000223        0x1 
 .bss.g_busy_tick
                0x20000224        0x4 ./Core/Src/player_service.o
 .bss.g_dfp_cmd_tick
                0x20000228        0x4 ./Core/Src/player_service.o
 .bss.__sbrk_heap_end
                0x2000022c        0x4 ./Core/Src/sysmem.o
 .bss.g_wave_frame
                0x20000230        0x1 ./Core/Src/ui.o
 *fill*         0x20000231        0x3 
 .bss.g_wave_anim_tick
                0x20000234        0x4 ./Core/Src/ui.o
 .bss.g_cache_valid
                0x20000238        0x1 ./Core/Src/ui.o
 .bss.g_cache_source
                0x20000239        0x1 ./Core/Src/ui.o
 .bss.g_cache_is_playing
                0x2000023a        0x1 ./Core/Src/ui.o
 .bss.g_cache_volume
                0x2000023b        0x1 ./Core/Src/ui.o
 .bss.uwTick    0x2000023c        0x4 ./Drivers/STM32F4xx_HAL_Driver/Src/stm32f4xx_hal.o
                0x2000023c                uwTick
 .bss.SSD1306_Buffer
                0x20000240      0x400 ./Third_Parties/ssd1306/ssd1306.o
 .bss.SSD1306   0x20000640        0x6 ./Third_Parties/ssd1306/ssd1306.o
 *fill*         0x20000646        0x2 
 .bss.__sf      0x20000648      0x138 E:/ASUS/STM32CubeIDE_1.13.2/STM32CubeIDE/plugins/com.st.stm32cube.ide.mcu.externaltools.gnu-tools-for-stm32.14.3.rel1.win32_1.0.100.202602081740/tools/bin/../lib/gcc/arm-none-eabi/14.3.1/../../../../arm-none-eabi/lib/thumb/v7e-m+fp/hard\libc_nano.a(libc_a-findfp.o)
                0x20000648                __sf
 .bss.errno     0x20000780        0x4 E:/ASUS/STM32CubeIDE_1.13.2/STM32CubeIDE/plugins/com.st.stm32cube.ide.mcu.externaltools.gnu-tools-for-stm32.14.3.rel1.win32_1.0.100.202602081740/tools/bin/../lib/gcc/arm-none-eabi/14.3.1/../../../../arm-none-eabi/lib/thumb/v7e-m+fp/hard\libc_nano.a(libc_a-reent.o)
                0x20000780                errno
 .bss.__lock___malloc_recursive_mutex
                0x20000784        0x1 E:/ASUS/STM32CubeIDE_1.13.2/STM32CubeIDE/plugins/com.st.stm32cube.ide.mcu.externaltools.gnu-tools-for-stm32.14.3.rel1.win32_1.0.100.202602081740/tools/bin/../lib/gcc/arm-none-eabi/14.3.1/../../../../arm-none-eabi/lib/thumb/v7e-m+fp/hard\libc_nano.a(libc_a-lock.o)
                0x20000784                __lock___malloc_recursive_mutex
 *fill*         0x20000785        0x3 
 .bss.__malloc_sbrk_start
                0x20000788        0x4 E:/ASUS/STM32CubeIDE_1.13.2/STM32CubeIDE/plugins/com.st.stm32cube.ide.mcu.externaltools.gnu-tools-for-stm32.14.3.rel1.win32_1.0.100.202602081740/tools/bin/../lib/gcc/arm-none-eabi/14.3.1/../../../../arm-none-eabi/lib/thumb/v7e-m+fp/hard\libc_nano.a(libc_a-mallocr.o)
                0x20000788                __malloc_sbrk_start
 .bss.__malloc_free_list
                0x2000078c        0x4 E:/ASUS/STM32CubeIDE_1.13.2/STM32CubeIDE/plugins/com.st.stm32cube.ide.mcu.externaltools.gnu-tools-for-stm32.14.3.rel1.win32_1.0.100.202602081740/tools/bin/../lib/gcc/arm-none-eabi/14.3.1/../../../../arm-none-eabi/lib/thumb/v7e-m+fp/hard\libc_nano.a(libc_a-mallocr.o)
                0x2000078c                __malloc_free_list
 *(COMMON)
                0x20000790                        . = ALIGN (0x4)
                0x20000790                        _ebss = .
                0x20000790                        __bss_end__ = _ebss

._user_heap_stack
                0x20000790      0x600 load address 0x08009594
                0x20000790                        . = ALIGN (0x8)
                [!provide]                        PROVIDE (end = .)
                0x20000790                        PROVIDE (_end = .)
                0x20000990                        . = (. + _Min_Heap_Size)
 *fill*         0x20000790      0x200 
                0x20000d90                        . = (. + _Min_Stack_Size)
 *fill*         0x20000990      0x400 
                0x20000d90                        . = ALIGN (0x8)

/DISCARD/
 libc.a(*)
 libm.a(*)
 libgcc.a(*)

.ARM.attributes
                0x00000000       0x30
 *(.ARM.attributes)
 .ARM.attributes
                0x00000000       0x22 E:/ASUS/STM32CubeIDE_1.13.2/STM32CubeIDE/plugins/com.st.stm32cube.ide.mcu.externaltools.gnu-tools-for-stm32.14.3.rel1.win32_1.0.100.202602081740/tools/bin/../lib/gcc/arm-none-eabi/14.3.1/thumb/v7e-m+fp/hard/crti.o
 .ARM.attributes
                0x00000022       0x34 E:/ASUS/STM32CubeIDE_1.13.2/STM32CubeIDE/plugins/com.st.stm32cube.ide.mcu.externaltools.gnu-tools-for-stm32.14.3.rel1.win32_1.0.100.202602081740/tools/bin/../lib/gcc/arm-none-eabi/14.3.1/thumb/v7e-m+fp/hard/crtbegin.o
 .ARM.attributes
                0x00000056       0x34 ./Core/Src/app.o
 .ARM.attributes
                0x0000008a       0x34 ./Core/Src/input.o
 .ARM.attributes
                0x000000be       0x34 ./Core/Src/main.o
 .ARM.attributes
                0x000000f2       0x34 ./Core/Src/player_service.o
 .ARM.attributes
                0x00000126       0x34 ./Core/Src/stm32f4xx_hal_msp.o
 .ARM.attributes
                0x0000015a       0x34 ./Core/Src/stm32f4xx_it.o
 .ARM.attributes
                0x0000018e       0x34 ./Core/Src/sysmem.o
 .ARM.attributes
                0x000001c2       0x34 ./Core/Src/system_stm32f4xx.o
 .ARM.attributes
                0x000001f6       0x34 ./Core/Src/ui.o
 .ARM.attributes
                0x0000022a       0x34 ./Core/Src/ui_assets.o
 .ARM.attributes
                0x0000025e       0x21 ./Core/Startup/startup_stm32f411ceux.o
 .ARM.attributes
                0x0000027f       0x34 ./Drivers/STM32F4xx_HAL_Driver/Src/stm32f4xx_hal.o
 .ARM.attributes
                0x000002b3       0x34 ./Drivers/STM32F4xx_HAL_Driver/Src/stm32f4xx_hal_adc.o
 .ARM.attributes
                0x000002e7       0x34 ./Drivers/STM32F4xx_HAL_Driver/Src/stm32f4xx_hal_cortex.o
 .ARM.attributes
                0x0000031b       0x34 ./Drivers/STM32F4xx_HAL_Driver/Src/stm32f4xx_hal_gpio.o
 .ARM.attributes
                0x0000034f       0x34 ./Drivers/STM32F4xx_HAL_Driver/Src/stm32f4xx_hal_i2c.o
 .ARM.attributes
                0x00000383       0x34 ./Drivers/STM32F4xx_HAL_Driver/Src/stm32f4xx_hal_rcc.o
 .ARM.attributes
                0x000003b7       0x34 ./Drivers/STM32F4xx_HAL_Driver/Src/stm32f4xx_hal_uart.o
 .ARM.attributes
                0x000003eb       0x34 ./Third_Parties/dfplayer/DFPLAYER.o
 .ARM.attributes
                0x0000041f       0x34 ./Third_Parties/ssd1306/ssd1306.o
 .ARM.attributes
                0x00000453       0x34 ./Third_Parties/ssd1306/ssd1306_fonts.o
 .ARM.attributes
                0x00000487       0x34 E:/ASUS/STM32CubeIDE_1.13.2/STM32CubeIDE/plugins/com.st.stm32cube.ide.mcu.externaltools.gnu-tools-for-stm32.14.3.rel1.win32_1.0.100.202602081740/tools/bin/../lib/gcc/arm-none-eabi/14.3.1/../../../../arm-none-eabi/lib/thumb/v7e-m+fp/hard\libc_nano.a(libc_a-findfp.o)
 .ARM.attributes
                0x000004bb       0x34 E:/ASUS/STM32CubeIDE_1.13.2/STM32CubeIDE/plugins/com.st.stm32cube.ide.mcu.externaltools.gnu-tools-for-stm32.14.3.rel1.win32_1.0.100.202602081740/tools/bin/../lib/gcc/arm-none-eabi/14.3.1/../../../../arm-none-eabi/lib/thumb/v7e-m+fp/hard\libc_nano.a(libc_a-snprintf.o)
 .ARM.attributes
                0x000004ef       0x34 E:/ASUS/STM32CubeIDE_1.13.2/STM32CubeIDE/plugins/com.st.stm32cube.ide.mcu.externaltools.gnu-tools-for-stm32.14.3.rel1.win32_1.0.100.202602081740/tools/bin/../lib/gcc/arm-none-eabi/14.3.1/../../../../arm-none-eabi/lib/thumb/v7e-m+fp/hard\libc_nano.a(libc_a-memset.o)
 .ARM.attributes
                0x00000523       0x34 E:/ASUS/STM32CubeIDE_1.13.2/STM32CubeIDE/plugins/com.st.stm32cube.ide.mcu.externaltools.gnu-tools-for-stm32.14.3.rel1.win32_1.0.100.202602081740/tools/bin/../lib/gcc/arm-none-eabi/14.3.1/../../../../arm-none-eabi/lib/thumb/v7e-m+fp/hard\libc_nano.a(libc_a-reent.o)
 .ARM.attributes
                0x00000557       0x34 E:/ASUS/STM32CubeIDE_1.13.2/STM32CubeIDE/plugins/com.st.stm32cube.ide.mcu.externaltools.gnu-tools-for-stm32.14.3.rel1.win32_1.0.100.202602081740/tools/bin/../lib/gcc/arm-none-eabi/14.3.1/../../../../arm-none-eabi/lib/thumb/v7e-m+fp/hard\libc_nano.a(libc_a-impure.o)
 .ARM.attributes
                0x0000058b       0x34 E:/ASUS/STM32CubeIDE_1.13.2/STM32CubeIDE/plugins/com.st.stm32cube.ide.mcu.externaltools.gnu-tools-for-stm32.14.3.rel1.win32_1.0.100.202602081740/tools/bin/../lib/gcc/arm-none-eabi/14.3.1/../../../../arm-none-eabi/lib/thumb/v7e-m+fp/hard\libc_nano.a(libc_a-errno.o)
 .ARM.attributes
                0x000005bf       0x34 E:/ASUS/STM32CubeIDE_1.13.2/STM32CubeIDE/plugins/com.st.stm32cube.ide.mcu.externaltools.gnu-tools-for-stm32.14.3.rel1.win32_1.0.100.202602081740/tools/bin/../lib/gcc/arm-none-eabi/14.3.1/../../../../arm-none-eabi/lib/thumb/v7e-m+fp/hard\libc_nano.a(libc_a-init.o)
 .ARM.attributes
                0x000005f3       0x34 E:/ASUS/STM32CubeIDE_1.13.2/STM32CubeIDE/plugins/com.st.stm32cube.ide.mcu.externaltools.gnu-tools-for-stm32.14.3.rel1.win32_1.0.100.202602081740/tools/bin/../lib/gcc/arm-none-eabi/14.3.1/../../../../arm-none-eabi/lib/thumb/v7e-m+fp/hard\libc_nano.a(libc_a-lock.o)
 .ARM.attributes
                0x00000627       0x34 E:/ASUS/STM32CubeIDE_1.13.2/STM32CubeIDE/plugins/com.st.stm32cube.ide.mcu.externaltools.gnu-tools-for-stm32.14.3.rel1.win32_1.0.100.202602081740/tools/bin/../lib/gcc/arm-none-eabi/14.3.1/../../../../arm-none-eabi/lib/thumb/v7e-m+fp/hard\libc_nano.a(libc_a-memcpy-stub.o)
 .ARM.attributes
                0x0000065b       0x34 E:/ASUS/STM32CubeIDE_1.13.2/STM32CubeIDE/plugins/com.st.stm32cube.ide.mcu.externaltools.gnu-tools-for-stm32.14.3.rel1.win32_1.0.100.202602081740/tools/bin/../lib/gcc/arm-none-eabi/14.3.1/../../../../arm-none-eabi/lib/thumb/v7e-m+fp/hard\libc_nano.a(libc_a-freer.o)
 .ARM.attributes
                0x0000068f       0x34 E:/ASUS/STM32CubeIDE_1.13.2/STM32CubeIDE/plugins/com.st.stm32cube.ide.mcu.externaltools.gnu-tools-for-stm32.14.3.rel1.win32_1.0.100.202602081740/tools/bin/../lib/gcc/arm-none-eabi/14.3.1/../../../../arm-none-eabi/lib/thumb/v7e-m+fp/hard\libc_nano.a(libc_a-mallocr.o)
 .ARM.attributes
                0x000006c3       0x34 E:/ASUS/STM32CubeIDE_1.13.2/STM32CubeIDE/plugins/com.st.stm32cube.ide.mcu.externaltools.gnu-tools-for-stm32.14.3.rel1.win32_1.0.100.202602081740/tools/bin/../lib/gcc/arm-none-eabi/14.3.1/../../../../arm-none-eabi/lib/thumb/v7e-m+fp/hard\libc_nano.a(libc_a-mlock.o)
 .ARM.attributes
                0x000006f7       0x34 E:/ASUS/STM32CubeIDE_1.13.2/STM32CubeIDE/plugins/com.st.stm32cube.ide.mcu.externaltools.gnu-tools-for-stm32.14.3.rel1.win32_1.0.100.202602081740/tools/bin/../lib/gcc/arm-none-eabi/14.3.1/../../../../arm-none-eabi/lib/thumb/v7e-m+fp/hard\libc_nano.a(libc_a-nano-svfprintf.o)
 .ARM.attributes
                0x0000072b       0x34 E:/ASUS/STM32CubeIDE_1.13.2/STM32CubeIDE/plugins/com.st.stm32cube.ide.mcu.externaltools.gnu-tools-for-stm32.14.3.rel1.win32_1.0.100.202602081740/tools/bin/../lib/gcc/arm-none-eabi/14.3.1/../../../../arm-none-eabi/lib/thumb/v7e-m+fp/hard\libc_nano.a(libc_a-nano-vfprintf_i.o)
 .ARM.attributes
                0x0000075f       0x34 E:/ASUS/STM32CubeIDE_1.13.2/STM32CubeIDE/plugins/com.st.stm32cube.ide.mcu.externaltools.gnu-tools-for-stm32.14.3.rel1.win32_1.0.100.202602081740/tools/bin/../lib/gcc/arm-none-eabi/14.3.1/../../../../arm-none-eabi/lib/thumb/v7e-m+fp/hard\libc_nano.a(libc_a-memmove.o)
 .ARM.attributes
                0x00000793       0x34 E:/ASUS/STM32CubeIDE_1.13.2/STM32CubeIDE/plugins/com.st.stm32cube.ide.mcu.externaltools.gnu-tools-for-stm32.14.3.rel1.win32_1.0.100.202602081740/tools/bin/../lib/gcc/arm-none-eabi/14.3.1/../../../../arm-none-eabi/lib/thumb/v7e-m+fp/hard\libc_nano.a(libc_a-sbrkr.o)
 .ARM.attributes
                0x000007c7       0x1c E:/ASUS/STM32CubeIDE_1.13.2/STM32CubeIDE/plugins/com.st.stm32cube.ide.mcu.externaltools.gnu-tools-for-stm32.14.3.rel1.win32_1.0.100.202602081740/tools/bin/../lib/gcc/arm-none-eabi/14.3.1/../../../../arm-none-eabi/lib/thumb/v7e-m+fp/hard\libc_nano.a(libc_a-memchr.o)
 .ARM.attributes
                0x000007e3       0x34 E:/ASUS/STM32CubeIDE_1.13.2/STM32CubeIDE/plugins/com.st.stm32cube.ide.mcu.externaltools.gnu-tools-for-stm32.14.3.rel1.win32_1.0.100.202602081740/tools/bin/../lib/gcc/arm-none-eabi/14.3.1/../../../../arm-none-eabi/lib/thumb/v7e-m+fp/hard\libc_nano.a(libc_a-reallocr.o)
 .ARM.attributes
                0x00000817       0x34 E:/ASUS/STM32CubeIDE_1.13.2/STM32CubeIDE/plugins/com.st.stm32cube.ide.mcu.externaltools.gnu-tools-for-stm32.14.3.rel1.win32_1.0.100.202602081740/tools/bin/../lib/gcc/arm-none-eabi/14.3.1/../../../../arm-none-eabi/lib/thumb/v7e-m+fp/hard\libc_nano.a(libc_a-msizer.o)
 .ARM.attributes
                0x0000084b       0x22 E:/ASUS/STM32CubeIDE_1.13.2/STM32CubeIDE/plugins/com.st.stm32cube.ide.mcu.externaltools.gnu-tools-for-stm32.14.3.rel1.win32_1.0.100.202602081740/tools/bin/../lib/gcc/arm-none-eabi/14.3.1/thumb/v7e-m+fp/hard\libgcc.a(_aeabi_uldivmod.o)
 .ARM.attributes
                0x0000086d       0x34 E:/ASUS/STM32CubeIDE_1.13.2/STM32CubeIDE/plugins/com.st.stm32cube.ide.mcu.externaltools.gnu-tools-for-stm32.14.3.rel1.win32_1.0.100.202602081740/tools/bin/../lib/gcc/arm-none-eabi/14.3.1/thumb/v7e-m+fp/hard\libgcc.a(_udivmoddi4.o)
 .ARM.attributes
                0x000008a1       0x22 E:/ASUS/STM32CubeIDE_1.13.2/STM32CubeIDE/plugins/com.st.stm32cube.ide.mcu.externaltools.gnu-tools-for-stm32.14.3.rel1.win32_1.0.100.202602081740/tools/bin/../lib/gcc/arm-none-eabi/14.3.1/thumb/v7e-m+fp/hard\libgcc.a(_dvmd_tls.o)
 .ARM.attributes
                0x000008c3       0x22 E:/ASUS/STM32CubeIDE_1.13.2/STM32CubeIDE/plugins/com.st.stm32cube.ide.mcu.externaltools.gnu-tools-for-stm32.14.3.rel1.win32_1.0.100.202602081740/tools/bin/../lib/gcc/arm-none-eabi/14.3.1/thumb/v7e-m+fp/hard/crtn.o
OUTPUT(api_1.elf elf32-littlearm)
LOAD linker stubs
LOAD E:/ASUS/STM32CubeIDE_1.13.2/STM32CubeIDE/plugins/com.st.stm32cube.ide.mcu.externaltools.gnu-tools-for-stm32.14.3.rel1.win32_1.0.100.202602081740/tools/bin/../lib/gcc/arm-none-eabi/14.3.1/../../../../arm-none-eabi/lib/thumb/v7e-m+fp/hard\libc.a
LOAD E:/ASUS/STM32CubeIDE_1.13.2/STM32CubeIDE/plugins/com.st.stm32cube.ide.mcu.externaltools.gnu-tools-for-stm32.14.3.rel1.win32_1.0.100.202602081740/tools/bin/../lib/gcc/arm-none-eabi/14.3.1/../../../../arm-none-eabi/lib/thumb/v7e-m+fp/hard\libm.a
LOAD E:/ASUS/STM32CubeIDE_1.13.2/STM32CubeIDE/plugins/com.st.stm32cube.ide.mcu.externaltools.gnu-tools-for-stm32.14.3.rel1.win32_1.0.100.202602081740/tools/bin/../lib/gcc/arm-none-eabi/14.3.1/thumb/v7e-m+fp/hard\libgcc.a

.debug_info     0x00000000     0xefdd
 .debug_info    0x00000000      0x6b1 ./Core/Src/app.o
 .debug_info    0x000006b1      0x402 ./Core/Src/input.o
 .debug_info    0x00000ab3     0x136b ./Core/Src/main.o
 .debug_info    0x00001e1e      0xa73 ./Core/Src/player_service.o
 .debug_info    0x00002891      0xf28 ./Core/Src/stm32f4xx_hal_msp.o
 .debug_info    0x000037b9      0x17a ./Core/Src/stm32f4xx_it.o
 .debug_info    0x00003933      0x168 ./Core/Src/sysmem.o
 .debug_info    0x00003a9b      0x53e ./Core/Src/system_stm32f4xx.o
 .debug_info    0x00003fd9      0x5dd ./Core/Src/ui.o
 .debug_info    0x000045b6      0x27c ./Core/Src/ui_assets.o
 .debug_info    0x00004832       0x30 ./Core/Startup/startup_stm32f411ceux.o
 .debug_info    0x00004862      0x8c4 ./Drivers/STM32F4xx_HAL_Driver/Src/stm32f4xx_hal.o
 .debug_info    0x00005126      0xce0 ./Drivers/STM32F4xx_HAL_Driver/Src/stm32f4xx_hal_adc.o
 .debug_info    0x00005e06      0xcfc ./Drivers/STM32F4xx_HAL_Driver/Src/stm32f4xx_hal_cortex.o
 .debug_info    0x00006b02      0x6f9 ./Drivers/STM32F4xx_HAL_Driver/Src/stm32f4xx_hal_gpio.o
 .debug_info    0x000071fb     0x2426 ./Drivers/STM32F4xx_HAL_Driver/Src/stm32f4xx_hal_i2c.o
 .debug_info    0x00009621      0x904 ./Drivers/STM32F4xx_HAL_Driver/Src/stm32f4xx_hal_rcc.o
 .debug_info    0x00009f25     0x2f56 ./Drivers/STM32F4xx_HAL_Driver/Src/stm32f4xx_hal_uart.o
 .debug_info    0x0000ce7b      0xb80 ./Third_Parties/dfplayer/DFPLAYER.o
 .debug_info    0x0000d9fb     0x133e ./Third_Parties/ssd1306/ssd1306.o
 .debug_info    0x0000ed39      0x2a4 ./Third_Parties/ssd1306/ssd1306_fonts.o

.debug_abbrev   0x00000000     0x2899
 .debug_abbrev  0x00000000      0x1d1 ./Core/Src/app.o
 .debug_abbrev  0x000001d1      0x1ff ./Core/Src/input.o
 .debug_abbrev  0x000003d0      0x2a5 ./Core/Src/main.o
 .debug_abbrev  0x00000675      0x290 ./Core/Src/player_service.o
 .debug_abbrev  0x00000905      0x1ac ./Core/Src/stm32f4xx_hal_msp.o
 .debug_abbrev  0x00000ab1       0xa0 ./Core/Src/stm32f4xx_it.o
 .debug_abbrev  0x00000b51       0xbc ./Core/Src/sysmem.o
 .debug_abbrev  0x00000c0d      0x11a ./Core/Src/system_stm32f4xx.o
 .debug_abbrev  0x00000d27      0x20c ./Core/Src/ui.o
 .debug_abbrev  0x00000f33       0xb6 ./Core/Src/ui_assets.o
 .debug_abbrev  0x00000fe9       0x24 ./Core/Startup/startup_stm32f411ceux.o
 .debug_abbrev  0x0000100d      0x24b ./Drivers/STM32F4xx_HAL_Driver/Src/stm32f4xx_hal.o
 .debug_abbrev  0x00001258      0x20e ./Drivers/STM32F4xx_HAL_Driver/Src/stm32f4xx_hal_adc.o
 .debug_abbrev  0x00001466      0x31d ./Drivers/STM32F4xx_HAL_Driver/Src/stm32f4xx_hal_cortex.o
 .debug_abbrev  0x00001783      0x1d3 ./Drivers/STM32F4xx_HAL_Driver/Src/stm32f4xx_hal_gpio.o
 .debug_abbrev  0x00001956      0x2bc ./Drivers/STM32F4xx_HAL_Driver/Src/stm32f4xx_hal_i2c.o
 .debug_abbrev  0x00001c12      0x2b6 ./Drivers/STM32F4xx_HAL_Driver/Src/stm32f4xx_hal_rcc.o
 .debug_abbrev  0x00001ec8      0x31b ./Drivers/STM32F4xx_HAL_Driver/Src/stm32f4xx_hal_uart.o
 .debug_abbrev  0x000021e3      0x296 ./Third_Parties/dfplayer/DFPLAYER.o
 .debug_abbrev  0x00002479      0x351 ./Third_Parties/ssd1306/ssd1306.o
 .debug_abbrev  0x000027ca       0xcf ./Third_Parties/ssd1306/ssd1306_fonts.o

.debug_aranges  0x00000000      0xdb0
 .debug_aranges
                0x00000000       0x30 ./Core/Src/app.o
 .debug_aranges
                0x00000030       0x40 ./Core/Src/input.o
 .debug_aranges
                0x00000070       0x50 ./Core/Src/main.o
 .debug_aranges
                0x000000c0       0xb0 ./Core/Src/player_service.o
 .debug_aranges
                0x00000170       0x50 ./Core/Src/stm32f4xx_hal_msp.o
 .debug_aranges
                0x000001c0       0x80 ./Core/Src/stm32f4xx_it.o
 .debug_aranges
                0x00000240       0x20 ./Core/Src/sysmem.o
 .debug_aranges
                0x00000260       0x28 ./Core/Src/system_stm32f4xx.o
 .debug_aranges
                0x00000288       0x80 ./Core/Src/ui.o
 .debug_aranges
                0x00000308       0x18 ./Core/Src/ui_assets.o
 .debug_aranges
                0x00000320       0x28 ./Core/Startup/startup_stm32f411ceux.o
 .debug_aranges
                0x00000348       0xf0 ./Drivers/STM32F4xx_HAL_Driver/Src/stm32f4xx_hal.o
 .debug_aranges
                0x00000438       0xe8 ./Drivers/STM32F4xx_HAL_Driver/Src/stm32f4xx_hal_adc.o
 .debug_aranges
                0x00000520      0x130 ./Drivers/STM32F4xx_HAL_Driver/Src/stm32f4xx_hal_cortex.o
 .debug_aranges
                0x00000650       0x58 ./Drivers/STM32F4xx_HAL_Driver/Src/stm32f4xx_hal_gpio.o
 .debug_aranges
                0x000006a8      0x2a8 ./Drivers/STM32F4xx_HAL_Driver/Src/stm32f4xx_hal_i2c.o
 .debug_aranges
                0x00000950       0x88 ./Drivers/STM32F4xx_HAL_Driver/Src/stm32f4xx_hal_rcc.o
 .debug_aranges
                0x000009d8      0x208 ./Drivers/STM32F4xx_HAL_Driver/Src/stm32f4xx_hal_uart.o
 .debug_aranges
                0x00000be0       0xc8 ./Third_Parties/dfplayer/DFPLAYER.o
 .debug_aranges
                0x00000ca8       0xf0 ./Third_Parties/ssd1306/ssd1306.o
 .debug_aranges
                0x00000d98       0x18 ./Third_Parties/ssd1306/ssd1306_fonts.o

.debug_rnglists
                0x00000000      0xa7c
 .debug_rnglists
                0x00000000       0x20 ./Core/Src/app.o
 .debug_rnglists
                0x00000020       0x2d ./Core/Src/input.o
 .debug_rnglists
                0x0000004d       0x3a ./Core/Src/main.o
 .debug_rnglists
                0x00000087       0x83 ./Core/Src/player_service.o
 .debug_rnglists
                0x0000010a       0x3a ./Core/Src/stm32f4xx_hal_msp.o
 .debug_rnglists
                0x00000144       0x5b ./Core/Src/stm32f4xx_it.o
 .debug_rnglists
                0x0000019f       0x13 ./Core/Src/sysmem.o
 .debug_rnglists
                0x000001b2       0x1a ./Core/Src/system_stm32f4xx.o
 .debug_rnglists
                0x000001cc       0x5d ./Core/Src/ui.o
 .debug_rnglists
                0x00000229       0x19 ./Core/Startup/startup_stm32f411ceux.o
 .debug_rnglists
                0x00000242       0xaf ./Drivers/STM32F4xx_HAL_Driver/Src/stm32f4xx_hal.o
 .debug_rnglists
                0x000002f1       0xb5 ./Drivers/STM32F4xx_HAL_Driver/Src/stm32f4xx_hal_adc.o
 .debug_rnglists
                0x000003a6       0xe0 ./Drivers/STM32F4xx_HAL_Driver/Src/stm32f4xx_hal_cortex.o
 .debug_rnglists
                0x00000486       0x3f ./Drivers/STM32F4xx_HAL_Driver/Src/stm32f4xx_hal_gpio.o
 .debug_rnglists
                0x000004c5      0x23c ./Drivers/STM32F4xx_HAL_Driver/Src/stm32f4xx_hal_i2c.o
 .debug_rnglists
                0x00000701       0x66 ./Drivers/STM32F4xx_HAL_Driver/Src/stm32f4xx_hal_rcc.o
 .debug_rnglists
                0x00000767      0x1bc ./Drivers/STM32F4xx_HAL_Driver/Src/stm32f4xx_hal_uart.o
 .debug_rnglists
                0x00000923       0x9e ./Third_Parties/dfplayer/DFPLAYER.o
 .debug_rnglists
                0x000009c1       0xbb ./Third_Parties/ssd1306/ssd1306.o

.debug_macro    0x00000000    0x17b14
 .debug_macro   0x00000000      0x236 ./Core/Src/app.o
 .debug_macro   0x00000236      0xad8 ./Core/Src/app.o
 .debug_macro   0x00000d0e      0x2a1 ./Core/Src/app.o
 .debug_macro   0x00000faf       0x2e ./Core/Src/app.o
 .debug_macro   0x00000fdd       0x28 ./Core/Src/app.o
 .debug_macro   0x00001005       0x22 ./Core/Src/app.o
 .debug_macro   0x00001027       0x8e ./Core/Src/app.o
 .debug_macro   0x000010b5       0x51 ./Core/Src/app.o
 .debug_macro   0x00001106      0x103 ./Core/Src/app.o
 .debug_macro   0x00001209       0x6a ./Core/Src/app.o
 .debug_macro   0x00001273      0x1df ./Core/Src/app.o
 .debug_macro   0x00001452       0x1c ./Core/Src/app.o
 .debug_macro   0x0000146e       0x22 ./Core/Src/app.o
 .debug_macro   0x00001490       0xfb ./Core/Src/app.o
 .debug_macro   0x0000158b     0x1011 ./Core/Src/app.o
 .debug_macro   0x0000259c      0x11f ./Core/Src/app.o
 .debug_macro   0x000026bb     0xb968 ./Core/Src/app.o
 .debug_macro   0x0000e023       0x6d ./Core/Src/app.o
 .debug_macro   0x0000e090     0x3693 ./Core/Src/app.o
 .debug_macro   0x00011723      0x190 ./Core/Src/app.o
 .debug_macro   0x000118b3       0x5c ./Core/Src/app.o
 .debug_macro   0x0001190f      0x45c ./Core/Src/app.o
 .debug_macro   0x00011d6b      0x9e9 ./Core/Src/app.o
 .debug_macro   0x00012754      0x115 ./Core/Src/app.o
 .debug_macro   0x00012869      0x11b ./Core/Src/app.o
 .debug_macro   0x00012984       0xa5 ./Core/Src/app.o
 .debug_macro   0x00012a29      0x15f ./Core/Src/app.o
 .debug_macro   0x00012b88      0x287 ./Core/Src/app.o
 .debug_macro   0x00012e0f       0x5f ./Core/Src/app.o
 .debug_macro   0x00012e6e      0x236 ./Core/Src/app.o
 .debug_macro   0x000130a4      0x9e1 ./Core/Src/app.o
 .debug_macro   0x00013a85      0x38b ./Core/Src/app.o
 .debug_macro   0x00013e10      0x17d ./Core/Src/app.o
 .debug_macro   0x00013f8d       0xf9 ./Core/Src/app.o
 .debug_macro   0x00014086      0x132 ./Core/Src/app.o
 .debug_macro   0x000141b8      0x264 ./Core/Src/app.o
 .debug_macro   0x0001441c       0x2e ./Core/Src/app.o
 .debug_macro   0x0001444a      0x1b5 ./Core/Src/app.o
 .debug_macro   0x000145ff       0x22 ./Core/Src/app.o
 .debug_macro   0x00014621       0xd6 ./Core/Src/app.o
 .debug_macro   0x000146f7      0x127 ./Core/Src/app.o
 .debug_macro   0x0001481e       0x85 ./Core/Src/app.o
 .debug_macro   0x000148a3       0x89 ./Core/Src/app.o
 .debug_macro   0x0001492c      0x2aa ./Core/Src/app.o
 .debug_macro   0x00014bd6      0x126 ./Core/Src/app.o
 .debug_macro   0x00014cfc       0x52 ./Core/Src/app.o
 .debug_macro   0x00014d4e      0x215 ./Core/Src/input.o
 .debug_macro   0x00014f63      0x213 ./Core/Src/main.o
 .debug_macro   0x00015176      0x2c0 ./Core/Src/player_service.o
 .debug_macro   0x00015436      0x205 ./Core/Src/stm32f4xx_hal_msp.o
 .debug_macro   0x0001563b      0x20f ./Core/Src/stm32f4xx_it.o
 .debug_macro   0x0001584a      0x112 ./Core/Src/sysmem.o
 .debug_macro   0x0001595c      0x23c ./Core/Src/sysmem.o
 .debug_macro   0x00015b98      0x1fb ./Core/Src/system_stm32f4xx.o
 .debug_macro   0x00015d93      0x363 ./Core/Src/ui.o
 .debug_macro   0x000160f6       0x10 ./Core/Src/ui.o
 .debug_macro   0x00016106       0x61 ./Core/Src/ui.o
 .debug_macro   0x00016167       0x4c ./Core/Src/ui.o
 .debug_macro   0x000161b3       0x4c ./Core/Src/ui.o
 .debug_macro   0x000161ff       0x16 ./Core/Src/ui.o
 .debug_macro   0x00016215       0x16 ./Core/Src/ui.o
 .debug_macro   0x0001622b       0x6c ./Core/Src/ui_assets.o
 .debug_macro   0x00016297      0x25b ./Drivers/STM32F4xx_HAL_Driver/Src/stm32f4xx_hal.o
 .debug_macro   0x000164f2      0x1fc ./Drivers/STM32F4xx_HAL_Driver/Src/stm32f4xx_hal_adc.o
 .debug_macro   0x000166ee      0x1fb ./Drivers/STM32F4xx_HAL_Driver/Src/stm32f4xx_hal_cortex.o
 .debug_macro   0x000168e9      0x201 ./Drivers/STM32F4xx_HAL_Driver/Src/stm32f4xx_hal_gpio.o
 .debug_macro   0x00016aea      0x249 ./Drivers/STM32F4xx_HAL_Driver/Src/stm32f4xx_hal_i2c.o
 .debug_macro   0x00016d33      0x21f ./Drivers/STM32F4xx_HAL_Driver/Src/stm32f4xx_hal_rcc.o
 .debug_macro   0x00016f52      0x1fc ./Drivers/STM32F4xx_HAL_Driver/Src/stm32f4xx_hal_uart.o
 .debug_macro   0x0001714e      0x20a ./Third_Parties/dfplayer/DFPLAYER.o
 .debug_macro   0x00017358       0x4c ./Third_Parties/dfplayer/DFPLAYER.o
 .debug_macro   0x000173a4      0x326 ./Third_Parties/ssd1306/ssd1306.o
 .debug_macro   0x000176ca       0x28 ./Third_Parties/ssd1306/ssd1306.o
 .debug_macro   0x000176f2      0x19b ./Third_Parties/ssd1306/ssd1306.o
 .debug_macro   0x0001788d       0x16 ./Third_Parties/ssd1306/ssd1306.o
 .debug_macro   0x000178a3       0x20 ./Third_Parties/ssd1306/ssd1306.o
 .debug_macro   0x000178c3      0x251 ./Third_Parties/ssd1306/ssd1306_fonts.o

.debug_line     0x00000000    0x121bd
 .debug_line    0x00000000      0x869 ./Core/Src/app.o
 .debug_line    0x00000869      0x93e ./Core/Src/input.o
 .debug_line    0x000011a7      0x93a ./Core/Src/main.o
 .debug_line    0x00001ae1      0xc31 ./Core/Src/player_service.o
 .debug_line    0x00002712      0x87f ./Core/Src/stm32f4xx_hal_msp.o
 .debug_line    0x00002f91      0x8ae ./Core/Src/stm32f4xx_it.o
 .debug_line    0x0000383f      0x59c ./Core/Src/sysmem.o
 .debug_line    0x00003ddb      0x813 ./Core/Src/system_stm32f4xx.o
 .debug_line    0x000045ee      0xc17 ./Core/Src/ui.o
 .debug_line    0x00005205      0x422 ./Core/Src/ui_assets.o
 .debug_line    0x00005627       0x7a ./Core/Startup/startup_stm32f411ceux.o
 .debug_line    0x000056a1      0xa92 ./Drivers/STM32F4xx_HAL_Driver/Src/stm32f4xx_hal.o
 .debug_line    0x00006133     0x11e6 ./Drivers/STM32F4xx_HAL_Driver/Src/stm32f4xx_hal_adc.o
 .debug_line    0x00007319      0xd5f ./Drivers/STM32F4xx_HAL_Driver/Src/stm32f4xx_hal_cortex.o
 .debug_line    0x00008078      0xba8 ./Drivers/STM32F4xx_HAL_Driver/Src/stm32f4xx_hal_gpio.o
 .debug_line    0x00008c20     0x3b3c ./Drivers/STM32F4xx_HAL_Driver/Src/stm32f4xx_hal_i2c.o
 .debug_line    0x0000c75c      0xe9c ./Drivers/STM32F4xx_HAL_Driver/Src/stm32f4xx_hal_rcc.o
 .debug_line    0x0000d5f8     0x25d7 ./Drivers/STM32F4xx_HAL_Driver/Src/stm32f4xx_hal_uart.o
 .debug_line    0x0000fbcf      0xab2 ./Third_Parties/dfplayer/DFPLAYER.o
 .debug_line    0x00010681     0x1297 ./Third_Parties/ssd1306/ssd1306.o
 .debug_line    0x00011918      0x8a5 ./Third_Parties/ssd1306/ssd1306_fonts.o

.debug_str      0x00000000    0x95d67
 .debug_str     0x00000000    0x95d67 ./Core/Src/app.o
                              0x8d8a1 (size before relaxing)
 .debug_str     0x00095d67    0x8d383 ./Core/Src/input.o
 .debug_str     0x00095d67    0x8e206 ./Core/Src/main.o
 .debug_str     0x00095d67    0x8de0e ./Core/Src/player_service.o
 .debug_str     0x00095d67    0x8dc0c ./Core/Src/stm32f4xx_hal_msp.o
 .debug_str     0x00095d67    0x8d28e ./Core/Src/stm32f4xx_it.o
 .debug_str     0x00095d67     0x76fa ./Core/Src/sysmem.o
 .debug_str     0x00095d67    0x8d353 ./Core/Src/system_stm32f4xx.o
 .debug_str     0x00095d67    0x910e8 ./Core/Src/ui.o
 .debug_str     0x00095d67     0x3e84 ./Core/Src/ui_assets.o
 .debug_str     0x00095d67       0x72 ./Core/Startup/startup_stm32f411ceux.o
 .debug_str     0x00095d67    0x8dd7f ./Drivers/STM32F4xx_HAL_Driver/Src/stm32f4xx_hal.o
 .debug_str     0x00095d67    0x8d92e ./Drivers/STM32F4xx_HAL_Driver/Src/stm32f4xx_hal_adc.o
 .debug_str     0x00095d67    0x8dae9 ./Drivers/STM32F4xx_HAL_Driver/Src/stm32f4xx_hal_cortex.o
 .debug_str     0x00095d67    0x8d4ce ./Drivers/STM32F4xx_HAL_Driver/Src/stm32f4xx_hal_gpio.o
 .debug_str     0x00095d67    0x8e364 ./Drivers/STM32F4xx_HAL_Driver/Src/stm32f4xx_hal_i2c.o
 .debug_str     0x00095d67    0x8d787 ./Drivers/STM32F4xx_HAL_Driver/Src/stm32f4xx_hal_rcc.o
 .debug_str     0x00095d67    0x8dd56 ./Drivers/STM32F4xx_HAL_Driver/Src/stm32f4xx_hal_uart.o
 .debug_str     0x00095d67    0x8d9d0 ./Third_Parties/dfplayer/DFPLAYER.o
 .debug_str     0x00095d67    0x9187c ./Third_Parties/ssd1306/ssd1306.o
 .debug_str     0x00095d67    0x8d818 ./Third_Parties/ssd1306/ssd1306_fonts.o

.comment        0x00000000       0x43
 .comment       0x00000000       0x43 ./Core/Src/app.o
                                 0x44 (size before relaxing)
 .comment       0x00000043       0x44 ./Core/Src/input.o
 .comment       0x00000043       0x44 ./Core/Src/main.o
 .comment       0x00000043       0x44 ./Core/Src/player_service.o
 .comment       0x00000043       0x44 ./Core/Src/stm32f4xx_hal_msp.o
 .comment       0x00000043       0x44 ./Core/Src/stm32f4xx_it.o
 .comment       0x00000043       0x44 ./Core/Src/sysmem.o
 .comment       0x00000043       0x44 ./Core/Src/system_stm32f4xx.o
 .comment       0x00000043       0x44 ./Core/Src/ui.o
 .comment       0x00000043       0x44 ./Core/Src/ui_assets.o
 .comment       0x00000043       0x44 ./Drivers/STM32F4xx_HAL_Driver/Src/stm32f4xx_hal.o
 .comment       0x00000043       0x44 ./Drivers/STM32F4xx_HAL_Driver/Src/stm32f4xx_hal_adc.o
 .comment       0x00000043       0x44 ./Drivers/STM32F4xx_HAL_Driver/Src/stm32f4xx_hal_cortex.o
 .comment       0x00000043       0x44 ./Drivers/STM32F4xx_HAL_Driver/Src/stm32f4xx_hal_gpio.o
 .comment       0x00000043       0x44 ./Drivers/STM32F4xx_HAL_Driver/Src/stm32f4xx_hal_i2c.o
 .comment       0x00000043       0x44 ./Drivers/STM32F4xx_HAL_Driver/Src/stm32f4xx_hal_rcc.o
 .comment       0x00000043       0x44 ./Drivers/STM32F4xx_HAL_Driver/Src/stm32f4xx_hal_uart.o
 .comment       0x00000043       0x44 ./Third_Parties/dfplayer/DFPLAYER.o
 .comment       0x00000043       0x44 ./Third_Parties/ssd1306/ssd1306.o
 .comment       0x00000043       0x44 ./Third_Parties/ssd1306/ssd1306_fonts.o

.debug_frame    0x00000000     0x3a14
 .debug_frame   0x00000000       0x7c ./Core/Src/app.o
 .debug_frame   0x0000007c       0xc4 ./Core/Src/input.o
 .debug_frame   0x00000140       0xe8 ./Core/Src/main.o
 .debug_frame   0x00000228      0x254 ./Core/Src/player_service.o
 .debug_frame   0x0000047c      0x10c ./Core/Src/stm32f4xx_hal_msp.o
 .debug_frame   0x00000588      0x168 ./Core/Src/stm32f4xx_it.o
 .debug_frame   0x000006f0       0x34 ./Core/Src/sysmem.o
 .debug_frame   0x00000724       0x50 ./Core/Src/system_stm32f4xx.o
 .debug_frame   0x00000774      0x1cc ./Core/Src/ui.o
 .debug_frame   0x00000940      0x31c ./Drivers/STM32F4xx_HAL_Driver/Src/stm32f4xx_hal.o
 .debug_frame   0x00000c5c      0x3bc ./Drivers/STM32F4xx_HAL_Driver/Src/stm32f4xx_hal_adc.o
 .debug_frame   0x00001018      0x4b8 ./Drivers/STM32F4xx_HAL_Driver/Src/stm32f4xx_hal_cortex.o
 .debug_frame   0x000014d0      0x130 ./Drivers/STM32F4xx_HAL_Driver/Src/stm32f4xx_hal_gpio.o
 .debug_frame   0x00001600      0xbf4 ./Drivers/STM32F4xx_HAL_Driver/Src/stm32f4xx_hal_i2c.o
 .debug_frame   0x000021f4      0x1d8 ./Drivers/STM32F4xx_HAL_Driver/Src/stm32f4xx_hal_rcc.o
 .debug_frame   0x000023cc      0x8ec ./Drivers/STM32F4xx_HAL_Driver/Src/stm32f4xx_hal_uart.o
 .debug_frame   0x00002cb8      0x328 ./Third_Parties/dfplayer/DFPLAYER.o
 .debug_frame   0x00002fe0      0x3f4 ./Third_Parties/ssd1306/ssd1306.o
 .debug_frame   0x000033d4      0x144 E:/ASUS/STM32CubeIDE_1.13.2/STM32CubeIDE/plugins/com.st.stm32cube.ide.mcu.externaltools.gnu-tools-for-stm32.14.3.rel1.win32_1.0.100.202602081740/tools/bin/../lib/gcc/arm-none-eabi/14.3.1/../../../../arm-none-eabi/lib/thumb/v7e-m+fp/hard\libc_nano.a(libc_a-findfp.o)
 .debug_frame   0x00003518       0x7c E:/ASUS/STM32CubeIDE_1.13.2/STM32CubeIDE/plugins/com.st.stm32cube.ide.mcu.externaltools.gnu-tools-for-stm32.14.3.rel1.win32_1.0.100.202602081740/tools/bin/../lib/gcc/arm-none-eabi/14.3.1/../../../../arm-none-eabi/lib/thumb/v7e-m+fp/hard\libc_nano.a(libc_a-snprintf.o)
 .debug_frame   0x00003594       0x20 E:/ASUS/STM32CubeIDE_1.13.2/STM32CubeIDE/plugins/com.st.stm32cube.ide.mcu.externaltools.gnu-tools-for-stm32.14.3.rel1.win32_1.0.100.202602081740/tools/bin/../lib/gcc/arm-none-eabi/14.3.1/../../../../arm-none-eabi/lib/thumb/v7e-m+fp/hard\libc_nano.a(libc_a-memset.o)
 .debug_frame   0x000035b4       0x38 E:/ASUS/STM32CubeIDE_1.13.2/STM32CubeIDE/plugins/com.st.stm32cube.ide.mcu.externaltools.gnu-tools-for-stm32.14.3.rel1.win32_1.0.100.202602081740/tools/bin/../lib/gcc/arm-none-eabi/14.3.1/../../../../arm-none-eabi/lib/thumb/v7e-m+fp/hard\libc_nano.a(libc_a-reent.o)
 .debug_frame   0x000035ec       0x20 E:/ASUS/STM32CubeIDE_1.13.2/STM32CubeIDE/plugins/com.st.stm32cube.ide.mcu.externaltools.gnu-tools-for-stm32.14.3.rel1.win32_1.0.100.202602081740/tools/bin/../lib/gcc/arm-none-eabi/14.3.1/../../../../arm-none-eabi/lib/thumb/v7e-m+fp/hard\libc_nano.a(libc_a-errno.o)
 .debug_frame   0x0000360c       0x2c E:/ASUS/STM32CubeIDE_1.13.2/STM32CubeIDE/plugins/com.st.stm32cube.ide.mcu.externaltools.gnu-tools-for-stm32.14.3.rel1.win32_1.0.100.202602081740/tools/bin/../lib/gcc/arm-none-eabi/14.3.1/../../../../arm-none-eabi/lib/thumb/v7e-m+fp/hard\libc_nano.a(libc_a-init.o)
 .debug_frame   0x00003638       0xb0 E:/ASUS/STM32CubeIDE_1.13.2/STM32CubeIDE/plugins/com.st.stm32cube.ide.mcu.externaltools.gnu-tools-for-stm32.14.3.rel1.win32_1.0.100.202602081740/tools/bin/../lib/gcc/arm-none-eabi/14.3.1/../../../../arm-none-eabi/lib/thumb/v7e-m+fp/hard\libc_nano.a(libc_a-lock.o)
 .debug_frame   0x000036e8       0x28 E:/ASUS/STM32CubeIDE_1.13.2/STM32CubeIDE/plugins/com.st.stm32cube.ide.mcu.externaltools.gnu-tools-for-stm32.14.3.rel1.win32_1.0.100.202602081740/tools/bin/../lib/gcc/arm-none-eabi/14.3.1/../../../../arm-none-eabi/lib/thumb/v7e-m+fp/hard\libc_nano.a(libc_a-memcpy-stub.o)
 .debug_frame   0x00003710       0x38 E:/ASUS/STM32CubeIDE_1.13.2/STM32CubeIDE/plugins/com.st.stm32cube.ide.mcu.externaltools.gnu-tools-for-stm32.14.3.rel1.win32_1.0.100.202602081740/tools/bin/../lib/gcc/arm-none-eabi/14.3.1/../../../../arm-none-eabi/lib/thumb/v7e-m+fp/hard\libc_nano.a(libc_a-freer.o)
 .debug_frame   0x00003748       0x50 E:/ASUS/STM32CubeIDE_1.13.2/STM32CubeIDE/plugins/com.st.stm32cube.ide.mcu.externaltools.gnu-tools-for-stm32.14.3.rel1.win32_1.0.100.202602081740/tools/bin/../lib/gcc/arm-none-eabi/14.3.1/../../../../arm-none-eabi/lib/thumb/v7e-m+fp/hard\libc_nano.a(libc_a-mallocr.o)
 .debug_frame   0x00003798       0x30 E:/ASUS/STM32CubeIDE_1.13.2/STM32CubeIDE/plugins/com.st.stm32cube.ide.mcu.externaltools.gnu-tools-for-stm32.14.3.rel1.win32_1.0.100.202602081740/tools/bin/../lib/gcc/arm-none-eabi/14.3.1/../../../../arm-none-eabi/lib/thumb/v7e-m+fp/hard\libc_nano.a(libc_a-mlock.o)
 .debug_frame   0x000037c8       0x90 E:/ASUS/STM32CubeIDE_1.13.2/STM32CubeIDE/plugins/com.st.stm32cube.ide.mcu.externaltools.gnu-tools-for-stm32.14.3.rel1.win32_1.0.100.202602081740/tools/bin/../lib/gcc/arm-none-eabi/14.3.1/../../../../arm-none-eabi/lib/thumb/v7e-m+fp/hard\libc_nano.a(libc_a-nano-svfprintf.o)
 .debug_frame   0x00003858       0x60 E:/ASUS/STM32CubeIDE_1.13.2/STM32CubeIDE/plugins/com.st.stm32cube.ide.mcu.externaltools.gnu-tools-for-stm32.14.3.rel1.win32_1.0.100.202602081740/tools/bin/../lib/gcc/arm-none-eabi/14.3.1/../../../../arm-none-eabi/lib/thumb/v7e-m+fp/hard\libc_nano.a(libc_a-nano-vfprintf_i.o)
 .debug_frame   0x000038b8       0x28 E:/ASUS/STM32CubeIDE_1.13.2/STM32CubeIDE/plugins/com.st.stm32cube.ide.mcu.externaltools.gnu-tools-for-stm32.14.3.rel1.win32_1.0.100.202602081740/tools/bin/../lib/gcc/arm-none-eabi/14.3.1/../../../../arm-none-eabi/lib/thumb/v7e-m+fp/hard\libc_nano.a(libc_a-memmove.o)
 .debug_frame   0x000038e0       0x2c E:/ASUS/STM32CubeIDE_1.13.2/STM32CubeIDE/plugins/com.st.stm32cube.ide.mcu.externaltools.gnu-tools-for-stm32.14.3.rel1.win32_1.0.100.202602081740/tools/bin/../lib/gcc/arm-none-eabi/14.3.1/../../../../arm-none-eabi/lib/thumb/v7e-m+fp/hard\libc_nano.a(libc_a-sbrkr.o)
 .debug_frame   0x0000390c       0x4c E:/ASUS/STM32CubeIDE_1.13.2/STM32CubeIDE/plugins/com.st.stm32cube.ide.mcu.externaltools.gnu-tools-for-stm32.14.3.rel1.win32_1.0.100.202602081740/tools/bin/../lib/gcc/arm-none-eabi/14.3.1/../../../../arm-none-eabi/lib/thumb/v7e-m+fp/hard\libc_nano.a(libc_a-memchr.o)
 .debug_frame   0x00003958       0x3c E:/ASUS/STM32CubeIDE_1.13.2/STM32CubeIDE/plugins/com.st.stm32cube.ide.mcu.externaltools.gnu-tools-for-stm32.14.3.rel1.win32_1.0.100.202602081740/tools/bin/../lib/gcc/arm-none-eabi/14.3.1/../../../../arm-none-eabi/lib/thumb/v7e-m+fp/hard\libc_nano.a(libc_a-reallocr.o)
 .debug_frame   0x00003994       0x20 E:/ASUS/STM32CubeIDE_1.13.2/STM32CubeIDE/plugins/com.st.stm32cube.ide.mcu.externaltools.gnu-tools-for-stm32.14.3.rel1.win32_1.0.100.202602081740/tools/bin/../lib/gcc/arm-none-eabi/14.3.1/../../../../arm-none-eabi/lib/thumb/v7e-m+fp/hard\libc_nano.a(libc_a-msizer.o)
 .debug_frame   0x000039b4       0x2c E:/ASUS/STM32CubeIDE_1.13.2/STM32CubeIDE/plugins/com.st.stm32cube.ide.mcu.externaltools.gnu-tools-for-stm32.14.3.rel1.win32_1.0.100.202602081740/tools/bin/../lib/gcc/arm-none-eabi/14.3.1/thumb/v7e-m+fp/hard\libgcc.a(_aeabi_uldivmod.o)
 .debug_frame   0x000039e0       0x34 E:/ASUS/STM32CubeIDE_1.13.2/STM32CubeIDE/plugins/com.st.stm32cube.ide.mcu.externaltools.gnu-tools-for-stm32.14.3.rel1.win32_1.0.100.202602081740/tools/bin/../lib/gcc/arm-none-eabi/14.3.1/thumb/v7e-m+fp/hard\libgcc.a(_udivmoddi4.o)

.debug_line_str
                0x00000000       0x56
 .debug_line_str
                0x00000000       0x56 ./Core/Startup/startup_stm32f411ceux.o
