../Core/Src/player_service.c:126:6:PlayerService_Init	16	static
../Core/Src/player_service.c:187:6:PlayerService_Service	8	static
../Core/Src/player_service.c:192:6:PlayerService_PlayToggle	8	static
../Core/Src/player_service.c:219:6:PlayerService_Prev	8	static
../Core/Src/player_service.c:243:6:PlayerService_Next	8	static
../Core/Src/player_service.c:262:6:PlayerService_ModeToggle	8	static
../Core/Src/player_service.c:274:6:PlayerService_VolUp	8	static
../Core/Src/player_service.c:288:6:PlayerService_VolDown	8	static
../Core/Src/player_service.c:302:9:PlayerService_IsPlaying	4	static
../Core/Src/player_service.c:307:9:PlayerService_GetVolume	4	static
../Core/Src/player_service.c:312:9:PlayerService_GetTrack	4	static
../Core/Src/player_service.c:317:9:PlayerService_GetTrackTotal	4	static
../Core/Src/player_service.c:322:15:PlayerService_GetSource	4	static
../Core/Src/player_service.c:327:13:PlayerService_SetAudioSource	16	static
../Core/Src/player_service.c:401:16:PlayerService_DfpBusyIdleRaw	8	static
../Core/Src/player_service.c:412:13:PlayerService_AutoNextByBusyService	16	static
../Core/Src/player_service.c:468:16:PlayerService_DetectTrackTotalByWrap	24	static
../Core/Src/player_service.c:541:13:PlayerService_AudioSwitchMute	16	static
../Core/Src/player_service.c:549:13:PlayerService_SetBtPower	16	static
