../Core/Src/ui.c:56:6:UI_Init	8	static
../Core/Src/ui.c:65:6:UI_FirstDraw	8	static
../Core/Src/ui.c:77:6:UI_RefreshAll	16	static
../Core/Src/ui.c:116:6:UI_ResetWaveAnim	8	static
../Core/Src/ui.c:122:6:UI_Service	24	static
../Core/Src/ui.c:185:13:UI_DrawTrack	40	static
../Core/Src/ui.c:204:13:UI_DrawVolume	24	static
../Core/Src/ui.c:222:13:UI_UpdateCacheFromPlayer	8	static
../Core/Src/ui.c:231:6:UI_DrawPauseFull	16	static
../Core/Src/ui.c:238:6:UI_DrawPauseIconOnly	16	static
../Core/Src/ui.c:245:6:UI_DrawPlayIconOnly	16	static
../Core/Src/ui.c:252:6:UI_DrawBluetoothFull	16	static
../Core/Src/ui.c:259:6:UI_DrawWaveFrame	80	static
